Archive member included to satisfy reference by file (symbol)

C:/Users/linco/.pico-sdk/toolchain/14_2_Rel1/bin/../lib/gcc/arm-none-eabi/14.2.1/thumb/v6-m/nofp\libgcc.a(_dvmd_tls.o)
                              CMakeFiles/amostragem_mic.dir/C_/Users/linco/.pico-sdk/sdk/2.1.1/src/rp2_common/pico_divider/divider_hardware.S.obj (__aeabi_idiv0)
C:/Users/linco/.pico-sdk/toolchain/14_2_Rel1/bin/../lib/gcc/arm-none-eabi/14.2.1/thumb/v6-m/nofp\libg.a(libc_a-calloc.o)
                              CMakeFiles/amostragem_mic.dir/C_/Users/linco/.pico-sdk/sdk/2.1.1/src/rp2_common/pico_malloc/malloc.c.obj (calloc)
C:/Users/linco/.pico-sdk/toolchain/14_2_Rel1/bin/../lib/gcc/arm-none-eabi/14.2.1/thumb/v6-m/nofp\libg.a(libc_a-callocr.o)
                              C:/Users/linco/.pico-sdk/toolchain/14_2_Rel1/bin/../lib/gcc/arm-none-eabi/14.2.1/thumb/v6-m/nofp\libg.a(libc_a-calloc.o) (_calloc_r)
C:/Users/linco/.pico-sdk/toolchain/14_2_Rel1/bin/../lib/gcc/arm-none-eabi/14.2.1/thumb/v6-m/nofp\libg.a(libc_a-malloc.o)
                              CMakeFiles/amostragem_mic.dir/C_/Users/linco/.pico-sdk/sdk/2.1.1/src/rp2_common/pico_malloc/malloc.c.obj (malloc)
C:/Users/linco/.pico-sdk/toolchain/14_2_Rel1/bin/../lib/gcc/arm-none-eabi/14.2.1/thumb/v6-m/nofp\libg.a(libc_a-mallocr.o)
                              C:/Users/linco/.pico-sdk/toolchain/14_2_Rel1/bin/../lib/gcc/arm-none-eabi/14.2.1/thumb/v6-m/nofp\libg.a(libc_a-callocr.o) (_malloc_r)
C:/Users/linco/.pico-sdk/toolchain/14_2_Rel1/bin/../lib/gcc/arm-none-eabi/14.2.1/thumb/v6-m/nofp\libg.a(libc_a-mlock.o)
                              C:/Users/linco/.pico-sdk/toolchain/14_2_Rel1/bin/../lib/gcc/arm-none-eabi/14.2.1/thumb/v6-m/nofp\libg.a(libc_a-mallocr.o) (__malloc_lock)
C:/Users/linco/.pico-sdk/toolchain/14_2_Rel1/bin/../lib/gcc/arm-none-eabi/14.2.1/thumb/v6-m/nofp\libg.a(libc_a-realloc.o)
                              CMakeFiles/amostragem_mic.dir/C_/Users/linco/.pico-sdk/sdk/2.1.1/src/rp2_common/pico_malloc/malloc.c.obj (realloc)
C:/Users/linco/.pico-sdk/toolchain/14_2_Rel1/bin/../lib/gcc/arm-none-eabi/14.2.1/thumb/v6-m/nofp\libg.a(libc_a-reallocr.o)
                              C:/Users/linco/.pico-sdk/toolchain/14_2_Rel1/bin/../lib/gcc/arm-none-eabi/14.2.1/thumb/v6-m/nofp\libg.a(libc_a-realloc.o) (_realloc_r)
C:/Users/linco/.pico-sdk/toolchain/14_2_Rel1/bin/../lib/gcc/arm-none-eabi/14.2.1/thumb/v6-m/nofp\libg.a(libc_a-memcmp.o)
                              CMakeFiles/amostragem_mic.dir/C_/Users/linco/.pico-sdk/sdk/2.1.1/src/rp2_common/pico_atomic/atomic.c.obj (memcmp)
C:/Users/linco/.pico-sdk/toolchain/14_2_Rel1/bin/../lib/gcc/arm-none-eabi/14.2.1/thumb/v6-m/nofp\libg.a(libc_a-memmove.o)
                              C:/Users/linco/.pico-sdk/toolchain/14_2_Rel1/bin/../lib/gcc/arm-none-eabi/14.2.1/thumb/v6-m/nofp\libg.a(libc_a-reallocr.o) (memmove)
C:/Users/linco/.pico-sdk/toolchain/14_2_Rel1/bin/../lib/gcc/arm-none-eabi/14.2.1/thumb/v6-m/nofp\libg.a(libc_a-lcltime_r.o)
                              CMakeFiles/amostragem_mic.dir/C_/Users/linco/.pico-sdk/sdk/2.1.1/src/common/pico_util/datetime.c.obj (localtime_r)
C:/Users/linco/.pico-sdk/toolchain/14_2_Rel1/bin/../lib/gcc/arm-none-eabi/14.2.1/thumb/v6-m/nofp\libg.a(libc_a-mktime.o)
                              CMakeFiles/amostragem_mic.dir/C_/Users/linco/.pico-sdk/sdk/2.1.1/src/common/pico_util/datetime.c.obj (mktime)
C:/Users/linco/.pico-sdk/toolchain/14_2_Rel1/bin/../lib/gcc/arm-none-eabi/14.2.1/thumb/v6-m/nofp\libg.a(libc_a-month_lengths.o)
                              C:/Users/linco/.pico-sdk/toolchain/14_2_Rel1/bin/../lib/gcc/arm-none-eabi/14.2.1/thumb/v6-m/nofp\libg.a(libc_a-lcltime_r.o) (__month_lengths)
C:/Users/linco/.pico-sdk/toolchain/14_2_Rel1/bin/../lib/gcc/arm-none-eabi/14.2.1/thumb/v6-m/nofp\libg.a(libc_a-tzcalc_limits.o)
                              C:/Users/linco/.pico-sdk/toolchain/14_2_Rel1/bin/../lib/gcc/arm-none-eabi/14.2.1/thumb/v6-m/nofp\libg.a(libc_a-lcltime_r.o) (__tzcalc_limits)
C:/Users/linco/.pico-sdk/toolchain/14_2_Rel1/bin/../lib/gcc/arm-none-eabi/14.2.1/thumb/v6-m/nofp\libg.a(libc_a-tzlock.o)
                              C:/Users/linco/.pico-sdk/toolchain/14_2_Rel1/bin/../lib/gcc/arm-none-eabi/14.2.1/thumb/v6-m/nofp\libg.a(libc_a-lcltime_r.o) (__tz_lock)
C:/Users/linco/.pico-sdk/toolchain/14_2_Rel1/bin/../lib/gcc/arm-none-eabi/14.2.1/thumb/v6-m/nofp\libg.a(libc_a-tzset.o)
                              C:/Users/linco/.pico-sdk/toolchain/14_2_Rel1/bin/../lib/gcc/arm-none-eabi/14.2.1/thumb/v6-m/nofp\libg.a(libc_a-lcltime_r.o) (_tzset_unlocked)
C:/Users/linco/.pico-sdk/toolchain/14_2_Rel1/bin/../lib/gcc/arm-none-eabi/14.2.1/thumb/v6-m/nofp\libg.a(libc_a-tzset_r.o)
                              C:/Users/linco/.pico-sdk/toolchain/14_2_Rel1/bin/../lib/gcc/arm-none-eabi/14.2.1/thumb/v6-m/nofp\libg.a(libc_a-tzset.o) (_tzset_unlocked_r)
C:/Users/linco/.pico-sdk/toolchain/14_2_Rel1/bin/../lib/gcc/arm-none-eabi/14.2.1/thumb/v6-m/nofp\libg.a(libc_a-tzvars.o)
[...]
Memory Configuration

Name             Origin             Length             Attributes
FLASH            0x10000000         0x00200000         xr
RAM              0x20000000         0x00040000         xrw
SCRATCH_X        0x20040000         0x00001000         xrw
SCRATCH_Y        0x20041000         0x00001000         xrw
*default*        0x00000000         0xffffffff

Linker script and memory map

LOAD C:/Users/linco/.pico-sdk/toolchain/14_2_Rel1/bin/../lib/gcc/arm-none-eabi/14.2.1/thumb/v6-m/nofp/crti.o
LOAD C:/Users/linco/.pico-sdk/toolchain/14_2_Rel1/bin/../lib/gcc/arm-none-eabi/14.2.1/thumb/v6-m/nofp/crtbegin.o
LOAD C:/Users/linco/.pico-sdk/toolchain/14_2_Rel1/bin/../lib/gcc/arm-none-eabi/14.2.1/thumb/v6-m/nofp/crt0.o

.flash_begin    0x10000000        0x0
                0x10000000                        __flash_binary_start = .

.boot2          0x10000000      0x100
                0x10000000                        __boot2_start__ = .
 *(.boot2)
 .boot2         0x10000000      0x100 pico-sdk/src/rp2040/boot_stage2/CMakeFiles/bs2_default_library.dir/./bs2_default_padded_checksummed.S.obj
                0x10000100                        __boot2_end__ = .
                0x00000001                        ASSERT (((__boot2_end__ - __boot2_start__) == 0x100), ERROR: Pico second stage bootloader must be 256 bytes in size)

.text           0x10000100     0x7a14
                0x10000100                        __logical_binary_start = .
 *(.vectors)
 .vectors       0x10000100       0xd4 CMakeFiles/amostragem_mic.dir/C_/Users/linco/.pico-sdk/sdk/2.1.1/src/rp2_common/pico_crt0/crt0.S.obj
                0x10000100                __VECTOR_TABLE
                0x10000100                __vectors
                0x100001c0                isr_invalid
                0x100001c0                __default_isrs_start
                0x100001c2                isr_nmi
                0x100001c4                isr_hardfault
                0x100001c6                isr_svcall
                0x100001c8                isr_pendsv
                0x100001ca                isr_systick
                0x100001cc                isr_irq23
                0x100001cc                isr_irq18
                0x100001cc                isr_irq11
                0x100001cc                isr_irq28
                0x100001cc                isr_irq19
                0x100001cc                isr_irq0
                0x100001cc                isr_irq6
                0x100001cc                isr_irq5
                0x100001cc                isr_irq12
                0x100001cc                isr_irq22
                0x100001cc                isr_irq31
                0x100001cc                isr_irq17
                0x100001cc                isr_irq27
                0x100001cc                isr_irq30
                0x100001cc                isr_irq2
                0x100001cc                isr_irq10
                0x100001cc                isr_irq8
                0x100001cc                isr_irq24
                0x100001cc                isr_irq1
                0x100001cc                isr_irq7
                0x100001cc                isr_irq21
                0x100001cc                isr_irq20
                0x100001cc                isr_irq15
                0x100001cc                isr_irq25
                0x100001cc                isr_irq13
                0x100001cc                __unhandled_user_irq
                0x100001cc                isr_irq4
                0x100001cc                isr_irq16
                0x100001cc                isr_irq29
                0x100001cc                isr_irq26
                0x100001cc                __default_isrs_end
                0x100001cc                isr_irq3
                0x100001cc                isr_irq14
                0x100001cc                isr_irq9
                0x100001d2                unhandled_user_irq_num_in_r0
 *(.binary_info_header)
 .binary_info_header
                0x100001d4       0x14 CMakeFiles/amostragem_mic.dir/C_/Users/linco/.pico-sdk/sdk/2.1.1/src/rp2_common/pico_crt0/crt0.S.obj
                0x100001e8                        __binary_info_header_end = .
 *(.embedded_block)
                0x100001e8                        __embedded_block_end = .
 *(.reset)
 .reset         0x100001e8       0x9c CMakeFiles/amostragem_mic.dir/C_/Users/linco/.pico-sdk/sdk/2.1.1/src/rp2_common/pico_crt0/crt0.S.obj
                0x100001e8                _entry_point
 *(.init)
 .init          0x10000284        0x4 C:/Users/linco/.pico-sdk/toolchain/14_2_Rel1/bin/../lib/gcc/arm-none-eabi/14.2.1/thumb/v6-m/nofp/crti.o
                0x10000284                _init
 *(EXCLUDE_FILE(*libm.a: *libc.a:*lib_a-mem*.o *libgcc.a:) .text*)
 .text.register_tm_clones
                0x10000288       0x28 C:/Users/linco/.pico-sdk/toolchain/14_2_Rel1/bin/../lib/gcc/arm-none-eabi/14.2.1/thumb/v6-m/nofp/crtbegin.o
 .text.frame_dummy
                0x100002b0       0x24 C:/Users/linco/.pico-sdk/toolchain/14_2_Rel1/bin/../lib/gcc/arm-none-eabi/14.2.1/thumb/v6-m/nofp/crtbegin.o
 .text.startup.main
                0x100002d4      0x1d4 CMakeFiles/amostragem_mic.dir/src/amostragem_mic.c.obj
                0x100002d4                main
 .text.init_barr_i2c
                0x100004a8       0x38 CMakeFiles/amostragem_mic.dir/src/utils/displayOLED/display.c.obj
                0x100004a8                init_barr_i2c
 .text.init_display
                0x100004e0       0x20 CMakeFiles/amostragem_mic.dir/src/utils/displayOLED/display.c.obj
                0x100004e0                init_display
 .text.draw_display
                0x10000500       0x1c CMakeFiles/amostragem_mic.dir/src/utils/displayOLED/display.c.obj
                0x10000500                draw_display
 .text.show_display
                0x1000051c       0x10 CMakeFiles/amostragem_mic.dir/src/utils/displayOLED/display.c.obj
                0x1000051c                show_display
 .text.clear_display
                0x1000052c       0x10 CMakeFiles/amostragem_mic.dir/src/utils/displayOLED/display.c.obj
                0x1000052c                clear_display
 .text.init_config_dma
                0x1000053c       0x24 CMakeFiles/amostragem_mic.dir/src/utils/dma/dma.c.obj
                0x1000053c                init_config_dma
 .text.init_config_adc
                0x10000560       0x64 CMakeFiles/amostragem_mic.dir/src/utils/microfone/mic.c.obj
                0x10000560                init_config_adc
 .text.sample_mic
                0x100005c4       0x84 CMakeFiles/amostragem_mic.dir/src/utils/microfone/mic.c.obj
                0x100005c4                sample_mic
 .text.get_voltage_rms
                0x10000648       0x88 CMakeFiles/amostragem_mic.dir/src/utils/microfone/mic.c.obj
                0x10000648                get_voltage_rms
 .text.get_db_simulated
                0x100006d0       0x64 CMakeFiles/amostragem_mic.dir/src/utils/microfone/mic.c.obj
                0x100006d0                get_db_simulated
 .text.classify_sound_level
                0x10000734       0x3c CMakeFiles/amostragem_mic.dir/src/utils/microfone/mic.c.obj
                0x10000734                classify_sound_level
 .text.ssd1306_draw_char_with_font.part.0
                0x10000770      0x164 CMakeFiles/amostragem_mic.dir/lib/ssd1306/ssd1306.c.obj
 .text.ssd1306_init
                0x100008d4      0x144 CMakeFiles/amostragem_mic.dir/lib/ssd1306/ssd1306.c.obj
                0x100008d4                ssd1306_init
 .text.ssd1306_clear
                0x10000a18       0x10 CMakeFiles/amostragem_mic.dir/lib/ssd1306/ssd1306.c.obj
                0x10000a18                ssd1306_clear
 .text.ssd1306_draw_string
                0x10000a28       0x68 CMakeFiles/amostragem_mic.dir/lib/ssd1306/ssd1306.c.obj
                0x10000a28                ssd1306_draw_string
 .text.ssd1306_show
                0x10000a90       0xd0 CMakeFiles/amostragem_mic.dir/lib/ssd1306/ssd1306.c.obj
                0x10000a90                ssd1306_show
 .text.gpio_set_function
                0x10000b60       0x34 CMakeFiles/amostragem_mic.dir/C_/Users/linco/.pico-sdk/sdk/2.1.1/src/rp2_common/hardware_gpio/gpio.c.obj
                0x10000b60                gpio_set_function
 .text.gpio_set_pulls
                0x10000b94       0x28 CMakeFiles/amostragem_mic.dir/C_/Users/linco/.pico-sdk/sdk/2.1.1/src/rp2_common/hardware_gpio/gpio.c.obj
                0x10000b94                gpio_set_pulls
 .text.gpio_set_input_enabled
                0x10000bbc       0x28 CMakeFiles/amostragem_mic.dir/C_/Users/linco/.pico-sdk/sdk/2.1.1/src/rp2_common/hardware_gpio/gpio.c.obj
                0x10000bbc                gpio_set_input_enabled
 .text.rp2040_chip_version
                0x10000be4        0xc CMakeFiles/amostragem_mic.dir/C_/Users/linco/.pico-sdk/sdk/2.1.1/src/rp2040/pico_platform/platform.c.obj
                0x10000be4                rp2040_chip_version
 .text.panic    0x10000bf0       0x30 CMakeFiles/amostragem_mic.dir/C_/Users/linco/.pico-sdk/sdk/2.1.1/src/rp2_common/pico_platform_panic/panic.c.obj
                0x10000bf0                panic
 .text.hw_claim_or_assert
                0x10000c20       0x44 CMakeFiles/amostragem_mic.dir/C_/Users/linco/.pico-sdk/sdk/2.1.1/src/common/hardware_claim/claim.c.obj
                0x10000c20                hw_claim_or_assert
 .text.hw_claim_unused_from_range
                0x10000c64       0x88 CMakeFiles/amostragem_mic.dir/C_/Users/linco/.pico-sdk/sdk/2.1.1/src/common/hardware_claim/claim.c.obj
                0x10000c64                hw_claim_unused_from_range
 .text.next_striped_spin_lock_num
                0x10000cec       0x18 CMakeFiles/amostragem_mic.dir/C_/Users/linco/.pico-sdk/sdk/2.1.1/src/rp2_common/hardware_sync/sync.c.obj
                0x10000cec                next_striped_spin_lock_num
 .text.spin_lock_claim_unused
                0x10000d04       0x24 CMakeFiles/amostragem_mic.dir/C_/Users/linco/.pico-sdk/sdk/2.1.1/src/rp2_common/hardware_sync/sync.c.obj
                0x10000d04                spin_lock_claim_unused
 .text.spin_locks_reset
                0x10000d28       0x1c CMakeFiles/amostragem_mic.dir/C_/Users/linco/.pico-sdk/sdk/2.1.1/src/rp2_common/hardware_sync_spin_lock/sync_spin_lock.c.obj
                0x10000d28                spin_locks_reset
 .text.runtime_init_per_core_irq_priorities
                0x10000d44       0x24 CMakeFiles/amostragem_mic.dir/C_/Users/linco/.pico-sdk/sdk/2.1.1/src/rp2_common/hardware_irq/irq.c.obj
                0x10000d44                runtime_init_per_core_irq_priorities
 .text.irq_set_enabled
                0x10000d68       0x24 CMakeFiles/amostragem_mic.dir/C_/Users/linco/.pico-sdk/sdk/2.1.1/src/rp2_common/hardware_irq/irq.c.obj
                0x10000d68                irq_set_enabled
 .text.irq_is_enabled
                0x10000d8c       0x18 CMakeFiles/amostragem_mic.dir/C_/Users/linco/.pico-sdk/sdk/2.1.1/src/rp2_common/hardware_irq/irq.c.obj
                0x10000d8c                irq_is_enabled
 .text.irq_set_pending
                0x10000da4       0x10 CMakeFiles/amostragem_mic.dir/C_/Users/linco/.pico-sdk/sdk/2.1.1/src/rp2_common/hardware_irq/irq.c.obj
                0x10000da4                irq_set_pending
 .text.irq_has_shared_handler
                0x10000db4       0x24 CMakeFiles/amostragem_mic.dir/C_/Users/linco/.pico-sdk/sdk/2.1.1/src/rp2_common/hardware_irq/irq.c.obj
                0x10000db4                irq_has_shared_handler
 .text.irq_set_exclusive_handler
                0x10000dd8       0x54 CMakeFiles/amostragem_mic.dir/C_/Users/linco/.pico-sdk/sdk/2.1.1/src/rp2_common/hardware_irq/irq.c.obj
                0x10000dd8                irq_set_exclusive_handler
 .text.irq_add_shared_handler
                0x10000e2c      0x1f4 CMakeFiles/amostragem_mic.dir/C_/Users/linco/.pico-sdk/sdk/2.1.1/src/rp2_common/hardware_irq/irq.c.obj
                0x10000e2c                irq_add_shared_handler
 .text.irq_add_tail_to_free_list
                0x10001020       0xb4 CMakeFiles/amostragem_mic.dir/C_/Users/linco/.pico-sdk/sdk/2.1.1/src/rp2_common/hardware_irq/irq.c.obj
                0x10001020                irq_add_tail_to_free_list
 .text.user_irq_claim_unused
                0x100010d4       0x2c CMakeFiles/amostragem_mic.dir/C_/Users/linco/.pico-sdk/sdk/2.1.1/src/rp2_common/hardware_irq/irq.c.obj
                0x100010d4                user_irq_claim_unused
 .text.lock_init
                0x10001100       0x10 CMakeFiles/amostragem_mic.dir/C_/Users/linco/.pico-sdk/sdk/2.1.1/src/common/pico_sync/lock_core.c.obj
                0x10001100                lock_init
 .text.runtime_init_mutex
                0x10001110       0x50 CMakeFiles/amostragem_mic.dir/C_/Users/linco/.pico-sdk/sdk/2.1.1/src/common/pico_sync/mutex.c.obj
                0x10001110                runtime_init_mutex
 .text.mutex_init
                0x10001160       0x1c CMakeFiles/amostragem_mic.dir/C_/Users/linco/.pico-sdk/sdk/2.1.1/src/common/pico_sync/mutex.c.obj
                0x10001160                mutex_init
 .text.critical_section_init
                0x1000117c       0x1c CMakeFiles/amostragem_mic.dir/C_/Users/linco/.pico-sdk/sdk/2.1.1/src/common/pico_sync/critical_section.c.obj
                0x1000117c                critical_section_init
 .text.critical_section_init_with_lock_num
                0x10001198       0x14 CMakeFiles/amostragem_mic.dir/C_/Users/linco/.pico-sdk/sdk/2.1.1/src/common/pico_sync/critical_section.c.obj
                0x10001198                critical_section_init_with_lock_num
 .text.sleep_until_callback
                0x100011ac       0x30 CMakeFiles/amostragem_mic.dir/C_/Users/linco/.pico-sdk/sdk/2.1.1/src/common/pico_time/time.c.obj
 .text.alarm_pool_irq_handler
                0x100011dc      0x300 CMakeFiles/amostragem_mic.dir/C_/Users/linco/.pico-sdk/sdk/2.1.1/src/common/pico_time/time.c.obj
 .text.runtime_init_default_alarm_pool
                0x100014dc       0xdc CMakeFiles/amostragem_mic.dir/C_/Users/linco/.pico-sdk/sdk/2.1.1/src/common/pico_time/time.c.obj
                0x100014dc                runtime_init_default_alarm_pool
 .text.alarm_pool_get_default
                0x100015b8        0x8 CMakeFiles/amostragem_mic.dir/C_/Users/linco/.pico-sdk/sdk/2.1.1/src/common/pico_time/time.c.obj
                0x100015b8                alarm_pool_get_default
 .text.alarm_pool_add_alarm_at
                0x100015c0       0xd0 CMakeFiles/amostragem_mic.dir/C_/Users/linco/.pico-sdk/sdk/2.1.1/src/common/pico_time/time.c.obj
                0x100015c0                alarm_pool_add_alarm_at
 .text.alarm_pool_add_alarm_at_force_in_context
                0x10001690       0xb0 CMakeFiles/amostragem_mic.dir/C_/Users/linco/.pico-sdk/sdk/2.1.1/src/common/pico_time/time.c.obj
                0x10001690                alarm_pool_add_alarm_at_force_in_context
 .text.alarm_pool_cancel_alarm
                0x10001740       0x74 CMakeFiles/amostragem_mic.dir/C_/Users/linco/.pico-sdk/sdk/2.1.1/src/common/pico_time/time.c.obj
                0x10001740                alarm_pool_cancel_alarm
 .text.alarm_pool_core_num
                0x100017b4        0x4 CMakeFiles/amostragem_mic.dir/C_/Users/linco/.pico-sdk/sdk/2.1.1/src/common/pico_time/time.c.obj
                0x100017b4                alarm_pool_core_num
 .text.sleep_ms
                0x100017b8       0xfc CMakeFiles/amostragem_mic.dir/C_/Users/linco/.pico-sdk/sdk/2.1.1/src/common/pico_time/time.c.obj
                0x100017b8                sleep_ms
 .text.best_effort_wfe_or_timeout
                0x100018b4      0x10c CMakeFiles/amostragem_mic.dir/C_/Users/linco/.pico-sdk/sdk/2.1.1/src/common/pico_time/time.c.obj
                0x100018b4                best_effort_wfe_or_timeout
 .text.timer_hardware_alarm_claim
                0x100019c0       0x14 CMakeFiles/amostragem_mic.dir/C_/Users/linco/.pico-sdk/sdk/2.1.1/src/rp2_common/hardware_timer/timer.c.obj
                0x100019c0                timer_hardware_alarm_claim
 .text.timer_time_us_64
                0x100019d4       0x10 CMakeFiles/amostragem_mic.dir/C_/Users/linco/.pico-sdk/sdk/2.1.1/src/rp2_common/hardware_timer/timer.c.obj
                0x100019d4                timer_time_us_64
 .text.time_us_64
                0x100019e4       0x14 CMakeFiles/amostragem_mic.dir/C_/Users/linco/.pico-sdk/sdk/2.1.1/src/rp2_common/hardware_timer/timer.c.obj
                0x100019e4                time_us_64
 .text.busy_wait_until
                0x100019f8       0x20 CMakeFiles/amostragem_mic.dir/C_/Users/linco/.pico-sdk/sdk/2.1.1/src/rp2_common/hardware_timer/timer.c.obj
                0x100019f8                busy_wait_until
 .text.clock_configure_int_divider
                0x10001a18       0xf4 CMakeFiles/amostragem_mic.dir/C_/Users/linco/.pico-sdk/sdk/2.1.1/src/rp2_common/hardware_clocks/clocks.c.obj
                0x10001a18                clock_configure_int_divider
 .text.clock_configure_undivided
                0x10001b0c       0xe8 CMakeFiles/amostragem_mic.dir/C_/Users/linco/.pico-sdk/sdk/2.1.1/src/rp2_common/hardware_clocks/clocks.c.obj
                0x10001b0c                clock_configure_undivided
 .text.clock_get_hz
                0x10001bf4        0xc CMakeFiles/amostragem_mic.dir/C_/Users/linco/.pico-sdk/sdk/2.1.1/src/rp2_common/hardware_clocks/clocks.c.obj
                0x10001bf4                clock_get_hz
 .text.pll_init
                0x10001c00       0xa4 CMakeFiles/amostragem_mic.dir/C_/Users/linco/.pico-sdk/sdk/2.1.1/src/rp2_common/hardware_pll/pll.c.obj
                0x10001c00                pll_init
 .text.watchdog_reboot
                0x10001ca4       0x9c CMakeFiles/amostragem_mic.dir/C_/Users/linco/.pico-sdk/sdk/2.1.1/src/rp2_common/hardware_watchdog/watchdog.c.obj
                0x10001ca4                watchdog_reboot
 .text.tick_start
                0x10001d40       0x10 CMakeFiles/amostragem_mic.dir/C_/Users/linco/.pico-sdk/sdk/2.1.1/src/rp2_common/hardware_ticks/ticks.c.obj
                0x10001d40                tick_start
 .text.rom_func_lookup
                0x10001d50       0x10 CMakeFiles/amostragem_mic.dir/C_/Users/linco/.pico-sdk/sdk/2.1.1/src/rp2_common/pico_bootrom/bootrom.c.obj
                0x10001d50                rom_func_lookup
 .text.rom_data_lookup
                0x10001d60       0x10 CMakeFiles/amostragem_mic.dir/C_/Users/linco/.pico-sdk/sdk/2.1.1/src/rp2_common/pico_bootrom/bootrom.c.obj
                0x10001d60                rom_data_lookup
 .text.rom_funcs_lookup
                0x10001d70       0x44 CMakeFiles/amostragem_mic.dir/C_/Users/linco/.pico-sdk/sdk/2.1.1/src/rp2_common/pico_bootrom/bootrom.c.obj
                0x10001d70                rom_funcs_lookup
 .text.rom_reset_usb_boot_extra
                0x10001db4       0x24 CMakeFiles/amostragem_mic.dir/C_/Users/linco/.pico-sdk/sdk/2.1.1/src/rp2_common/pico_bootrom/bootrom.c.obj
                0x10001db4                rom_reset_usb_boot_extra
 .text.xosc_init
                0x10001dd8       0x28 CMakeFiles/amostragem_mic.dir/C_/Users/linco/.pico-sdk/sdk/2.1.1/src/rp2_common/hardware_xosc/xosc.c.obj
                0x10001dd8                xosc_init
 .text.first_per_core_initializer
                0x10001e00        0x4 CMakeFiles/amostragem_mic.dir/C_/Users/linco/.pico-sdk/sdk/2.1.1/src/rp2_common/pico_runtime/runtime.c.obj
 .text.hard_assertion_failure
                0x10001e04        0xc CMakeFiles/amostragem_mic.dir/C_/Users/linco/.pico-sdk/sdk/2.1.1/src/rp2_common/pico_runtime/runtime.c.obj
                0x10001e04                hard_assertion_failure
 .text.runtime_run_initializers
                0x10001e10       0x28 CMakeFiles/amostragem_mic.dir/C_/Users/linco/.pico-sdk/sdk/2.1.1/src/rp2_common/pico_runtime/runtime.c.obj
                0x10001e10                runtime_run_initializers
 .text.runtime_init_early_resets
                0x10001e38       0x2c CMakeFiles/amostragem_mic.dir/C_/Users/linco/.pico-sdk/sdk/2.1.1/src/rp2_common/pico_runtime_init/runtime_init.c.obj
                0x10001e38                runtime_init_early_resets
 .text.runtime_init_usb_power_down
                0x10001e64       0x1c CMakeFiles/amostragem_mic.dir/C_/Users/linco/.pico-sdk/sdk/2.1.1/src/rp2_common/pico_runtime_init/runtime_init.c.obj
                0x10001e64                runtime_init_usb_power_down
 .text.runtime_init_post_clock_resets
                0x10001e80       0x20 CMakeFiles/amostragem_mic.dir/C_/Users/linco/.pico-sdk/sdk/2.1.1/src/rp2_common/pico_runtime_init/runtime_init.c.obj
                0x10001e80                runtime_init_post_clock_resets
 .text.runtime_init_rp2040_gpio_ie_disable
                0x10001ea0       0x14 CMakeFiles/amostragem_mic.dir/C_/Users/linco/.pico-sdk/sdk/2.1.1/src/rp2_common/pico_runtime_init/runtime_init.c.obj
                0x10001ea0                runtime_init_rp2040_gpio_ie_disable
 .text.runtime_init_spin_locks_reset
                0x10001eb4        0x8 CMakeFiles/amostragem_mic.dir/C_/Users/linco/.pico-sdk/sdk/2.1.1/src/rp2_common/pico_runtime_init/runtime_init.c.obj
                0x10001eb4                runtime_init_spin_locks_reset
 .text.runtime_init_install_ram_vector_table
                0x10001ebc       0x1c CMakeFiles/amostragem_mic.dir/C_/Users/linco/.pico-sdk/sdk/2.1.1/src/rp2_common/pico_runtime_init/runtime_init.c.obj
                0x10001ebc                runtime_init_install_ram_vector_table
 .text.runtime_init_clocks
                0x10001ed8       0xd8 CMakeFiles/amostragem_mic.dir/C_/Users/linco/.pico-sdk/sdk/2.1.1/src/rp2_common/pico_runtime_init/runtime_init_clocks.c.obj
                0x10001ed8                runtime_init_clocks
 .text          0x10001fb0       0x10 CMakeFiles/amostragem_mic.dir/C_/Users/linco/.pico-sdk/sdk/2.1.1/src/rp2_common/pico_bit_ops/bit_ops_aeabi.S.obj
 .text.__wrap___aeabi_idiv
                0x10001fc0       0x50 CMakeFiles/amostragem_mic.dir/C_/Users/linco/.pico-sdk/sdk/2.1.1/src/rp2_common/pico_divider/divider_hardware.S.obj
                0x10001fc0                __wrap___aeabi_idivmod
                0x10001fc0                divmod_s32s32
                0x10001fc0                div_s32s32
                0x10001fc0                __wrap___aeabi_idiv
                0x10001fc8                divmod_s32s32_unsafe
                0x10001ff4                divmod_s32s32_savestate
 .text.__wrap___aeabi_uidiv
                0x10002010       0x4c CMakeFiles/amostragem_mic.dir/C_/Users/linco/.pico-sdk/sdk/2.1.1/src/rp2_common/pico_divider/divider_hardware.S.obj
                0x10002010                __wrap___aeabi_uidiv
                0x10002010                __wrap___aeabi_uidivmod
                0x10002010                div_u32u32
                0x10002010                divmod_u32u32
                0x10002018                divmod_u32u32_unsafe
                0x10002040                divmod_u32u32_savestate
 .text.__wrap___aeabi_ldiv
                0x1000205c      0x424 CMakeFiles/amostragem_mic.dir/C_/Users/linco/.pico-sdk/sdk/2.1.1/src/rp2_common/pico_divider/divider_hardware.S.obj
                0x1000205c                div_s64s64
                0x1000205c                divmod_s64s64
                0x1000205c                __wrap___aeabi_ldivmod
                0x1000208c                divmod_u64u64
                0x1000208c                div_u64u64
                0x1000208c                __wrap___aeabi_uldivmod
                0x1000209c                divmod_u64u64_savestate
                0x100020bc                divmod_s64s64_unsafe
                0x10002144                divmod_u64u64_unsafe
 .text.__wrap___aeabi_darithmetic
                0x10002480       0x60 CMakeFiles/amostragem_mic.dir/C_/Users/linco/.pico-sdk/sdk/2.1.1/src/rp2_common/pico_double/double_aeabi_rp2040.S.obj
                0x10002480                __wrap___aeabi_drsub
                0x10002486                __wrap___aeabi_dsub
                0x10002490                __wrap___aeabi_dadd
                0x1000249a                __wrap___aeabi_ddiv
                0x100024ce                __wrap___aeabi_dmul
 .text.__wrap___aeabi_cdcmple
                0x100024e0       0x6c CMakeFiles/amostragem_mic.dir/C_/Users/linco/.pico-sdk/sdk/2.1.1/src/rp2_common/pico_double/double_aeabi_rp2040.S.obj
                0x100024e0                __wrap___aeabi_cdrcmple
                0x100024f0                __wrap___aeabi_cdcmpeq
                0x100024f0                __wrap___aeabi_cdcmple
 .text.__wrap___aeabi_dcmplt
                0x1000254c        0xc CMakeFiles/amostragem_mic.dir/C_/Users/linco/.pico-sdk/sdk/2.1.1/src/rp2_common/pico_double/double_aeabi_rp2040.S.obj
                0x1000254c                __wrap___aeabi_dcmplt
 .text.__wrap___aeabi_dcmple
                0x10002558       0x10 CMakeFiles/amostragem_mic.dir/C_/Users/linco/.pico-sdk/sdk/2.1.1/src/rp2_common/pico_double/double_aeabi_rp2040.S.obj
                0x10002558                __wrap___aeabi_dcmple
 .text.__wrap___aeabi_dcmpge
                0x10002568       0x10 CMakeFiles/amostragem_mic.dir/C_/Users/linco/.pico-sdk/sdk/2.1.1/src/rp2_common/pico_double/double_aeabi_rp2040.S.obj
                0x10002568                __wrap___aeabi_dcmpge
 .text.__wrap___aeabi_dcmpgt
                0x10002578        0xa CMakeFiles/amostragem_mic.dir/C_/Users/linco/.pico-sdk/sdk/2.1.1/src/rp2_common/pico_double/double_aeabi_rp2040.S.obj
                0x10002578                __wrap___aeabi_dcmpgt
 .text.__wrap___aeabi_dcmpun
                0x10002582       0x18 CMakeFiles/amostragem_mic.dir/C_/Users/linco/.pico-sdk/sdk/2.1.1/src/rp2_common/pico_double/double_aeabi_rp2040.S.obj
                0x10002582                __wrap___aeabi_dcmpun
 *fill*         0x1000259a        0x2 
 .text.__wrap___aeabi_i2d
                0x1000259c       0x38 CMakeFiles/amostragem_mic.dir/C_/Users/linco/.pico-sdk/sdk/2.1.1/src/rp2_common/pico_double/double_aeabi_rp2040.S.obj
                0x1000259c                uint2double
                0x1000259c                __wrap___aeabi_ui2d
                0x100025a4                int2double
                0x100025a4                __wrap___aeabi_i2d
 .text.__wrap___aeabi_d2iz
                0x100025d4       0x48 CMakeFiles/amostragem_mic.dir/C_/Users/linco/.pico-sdk/sdk/2.1.1/src/rp2_common/pico_double/double_aeabi_rp2040.S.obj
                0x100025d4                double2int_z
                0x100025d4                __wrap___aeabi_d2iz
 .text.__wrap___aeabi_d2uiz
                0x1000261c       0x10 CMakeFiles/amostragem_mic.dir/C_/Users/linco/.pico-sdk/sdk/2.1.1/src/rp2_common/pico_double/double_aeabi_rp2040.S.obj
                0x1000261c                double2uint
                0x1000261c                __wrap___aeabi_d2uiz
                0x1000261c                double2uint_z
 .text.missing_double_func_shim
                0x1000262c        0xc CMakeFiles/amostragem_mic.dir/C_/Users/linco/.pico-sdk/sdk/2.1.1/src/rp2_common/pico_double/double_init_rom_rp2040.c.obj
 .text.__aeabi_double_init
                0x10002638       0xa0 CMakeFiles/amostragem_mic.dir/C_/Users/linco/.pico-sdk/sdk/2.1.1/src/rp2_common/pico_double/double_init_rom_rp2040.c.obj
                0x10002638                __aeabi_double_init
 .text.double_table_shim_on_use_helper
                0x100026d8       0x2c CMakeFiles/amostragem_mic.dir/C_/Users/linco/.pico-sdk/sdk/2.1.1/src/rp2_common/pico_double/double_v1_rom_shim_rp2040.S.obj
                0x100026d8                double_table_shim_on_use_helper
 .text.__aeabi_lmul
                0x10002704       0x32 CMakeFiles/amostragem_mic.dir/C_/Users/linco/.pico-sdk/sdk/2.1.1/src/rp2_common/pico_int64_ops/pico_int64_ops_aeabi.S.obj
                0x10002704                __wrap___aeabi_lmul
 *fill*         0x10002736        0x2 
 .text.__wrap___aeabi_farithmetic
                0x10002738       0x48 CMakeFiles/amostragem_mic.dir/C_/Users/linco/.pico-sdk/sdk/2.1.1/src/rp2_common/pico_float/float_aeabi_rp2040.S.obj
                0x10002738                __wrap___aeabi_frsub
                0x1000273e                __wrap___aeabi_fsub
                0x10002744                __wrap___aeabi_fadd
                0x1000274a                __wrap___aeabi_fdiv
                0x10002772                __wrap___aeabi_fmul
 .text.__wrap___aeabi_cfcmple
                0x10002780       0x50 CMakeFiles/amostragem_mic.dir/C_/Users/linco/.pico-sdk/sdk/2.1.1/src/rp2_common/pico_float/float_aeabi_rp2040.S.obj
                0x10002780                __wrap___aeabi_cfrcmple
                0x1000278c                __wrap___aeabi_cfcmple
                0x1000278c                __wrap___aeabi_cfcmpeq
 .text.__wrap___aeabi_fcmplt
                0x100027d0        0xc CMakeFiles/amostragem_mic.dir/C_/Users/linco/.pico-sdk/sdk/2.1.1/src/rp2_common/pico_float/float_aeabi_rp2040.S.obj
                0x100027d0                __wrap___aeabi_fcmplt
 .text.__wrap___aeabi_fcmpgt
                0x100027dc        0xa CMakeFiles/amostragem_mic.dir/C_/Users/linco/.pico-sdk/sdk/2.1.1/src/rp2_common/pico_float/float_aeabi_rp2040.S.obj
                0x100027dc                __wrap___aeabi_fcmpgt
 .text.__wrap___aeabi_ui2f
                0x100027e6        0xa CMakeFiles/amostragem_mic.dir/C_/Users/linco/.pico-sdk/sdk/2.1.1/src/rp2_common/pico_float/float_aeabi_rp2040.S.obj
                0x100027e6                __wrap___aeabi_ui2f
                0x100027e6                uint2float
 .text.__wrap___aeabi_i2f
                0x100027f0       0x44 CMakeFiles/amostragem_mic.dir/C_/Users/linco/.pico-sdk/sdk/2.1.1/src/rp2_common/pico_float/float_aeabi_rp2040.S.obj
                0x100027f0                __wrap___aeabi_i2f
                0x100027f0                int2float
 .text.__wrap___aeabi_f2d
                0x10002834        0xc CMakeFiles/amostragem_mic.dir/C_/Users/linco/.pico-sdk/sdk/2.1.1/src/rp2_common/pico_float/float_aeabi_rp2040.S.obj
                0x10002834                __wrap___aeabi_f2d
 .text.__wrap_sqrtf
                0x10002840        0xc CMakeFiles/amostragem_mic.dir/C_/Users/linco/.pico-sdk/sdk/2.1.1/src/rp2_common/pico_float/float_aeabi_rp2040.S.obj
                0x10002840                __wrap_sqrtf
 .text.__wrap_logf
                0x1000284c        0xc CMakeFiles/amostragem_mic.dir/C_/Users/linco/.pico-sdk/sdk/2.1.1/src/rp2_common/pico_float/float_aeabi_rp2040.S.obj
                0x1000284c                __wrap_logf
 .text.missing_float_func_shim
                0x10002858        0xc CMakeFiles/amostragem_mic.dir/C_/Users/linco/.pico-sdk/sdk/2.1.1/src/rp2_common/pico_float/float_init_rom_rp2040.c.obj
 .text.__aeabi_float_init
                0x10002864       0x5c CMakeFiles/amostragem_mic.dir/C_/Users/linco/.pico-sdk/sdk/2.1.1/src/rp2_common/pico_float/float_init_rom_rp2040.c.obj
                0x10002864                __aeabi_float_init
 .text.__wrap_log10f
                0x100028c0       0x14 CMakeFiles/amostragem_mic.dir/C_/Users/linco/.pico-sdk/sdk/2.1.1/src/rp2_common/pico_float/float_math.c.obj
                0x100028c0                __wrap_log10f
 .text.__wrap_malloc
                0x100028d4       0x24 CMakeFiles/amostragem_mic.dir/C_/Users/linco/.pico-sdk/sdk/2.1.1/src/rp2_common/pico_malloc/malloc.c.obj
                0x100028d4                __wrap_malloc
 .text          0x100028f8       0x10 CMakeFiles/amostragem_mic.dir/C_/Users/linco/.pico-sdk/sdk/2.1.1/src/rp2_common/pico_mem_ops/mem_ops_aeabi.S.obj
                0x100028f8                __aeabi_mem_init
 .text.memset   0x10002908        0xc CMakeFiles/amostragem_mic.dir/C_/Users/linco/.pico-sdk/sdk/2.1.1/src/rp2_common/pico_mem_ops/mem_ops_aeabi.S.obj
                0x10002908                __wrap_memset
 .text.memcpy   0x10002914        0xc CMakeFiles/amostragem_mic.dir/C_/Users/linco/.pico-sdk/sdk/2.1.1/src/rp2_common/pico_mem_ops/mem_ops_aeabi.S.obj
                0x10002914                __wrap_memcpy
                0x10002914                __wrap___aeabi_memcpy
 .text._out_buffer
                0x10002920        0x8 CMakeFiles/amostragem_mic.dir/C_/Users/linco/.pico-sdk/sdk/2.1.1/src/rp2_common/pico_printf/printf.c.obj
 .text._out_null
                0x10002928        0x4 CMakeFiles/amostragem_mic.dir/C_/Users/linco/.pico-sdk/sdk/2.1.1/src/rp2_common/pico_printf/printf.c.obj
 .text._out_rev
                0x1000292c       0xac CMakeFiles/amostragem_mic.dir/C_/Users/linco/.pico-sdk/sdk/2.1.1/src/rp2_common/pico_printf/printf.c.obj
 .text._ntoa_format
                0x100029d8      0x1cc CMakeFiles/amostragem_mic.dir/C_/Users/linco/.pico-sdk/sdk/2.1.1/src/rp2_common/pico_printf/printf.c.obj
 .text._out_char
                0x10002ba4       0x10 CMakeFiles/amostragem_mic.dir/C_/Users/linco/.pico-sdk/sdk/2.1.1/src/rp2_common/pico_printf/printf.c.obj
 .text._out_fct
                0x10002bb4       0x10 CMakeFiles/amostragem_mic.dir/C_/Users/linco/.pico-sdk/sdk/2.1.1/src/rp2_common/pico_printf/printf.c.obj
 .text._ftoa    0x10002bc4      0x4a8 CMakeFiles/amostragem_mic.dir/C_/Users/linco/.pico-sdk/sdk/2.1.1/src/rp2_common/pico_printf/printf.c.obj
 .text._etoa    0x1000306c      0x57c CMakeFiles/amostragem_mic.dir/C_/Users/linco/.pico-sdk/sdk/2.1.1/src/rp2_common/pico_printf/printf.c.obj
 .text._vsnprintf
                0x100035e8      0xbe0 CMakeFiles/amostragem_mic.dir/C_/Users/linco/.pico-sdk/sdk/2.1.1/src/rp2_common/pico_printf/printf.c.obj
 .text.__wrap_snprintf
                0x100041c8       0x28 CMakeFiles/amostragem_mic.dir/C_/Users/linco/.pico-sdk/sdk/2.1.1/src/rp2_common/pico_printf/printf.c.obj
                0x100041c8                __wrap_snprintf
 .text.vfctprintf
                0x100041f0       0x24 CMakeFiles/amostragem_mic.dir/C_/Users/linco/.pico-sdk/sdk/2.1.1/src/rp2_common/pico_printf/printf.c.obj
                0x100041f0                vfctprintf
 .text.weak_raw_vprintf
                0x10004214       0x30 CMakeFiles/amostragem_mic.dir/C_/Users/linco/.pico-sdk/sdk/2.1.1/src/rp2_common/pico_printf/printf.c.obj
                0x10004214                weak_raw_vprintf
 .text._exit    0x10004244        0x4 CMakeFiles/amostragem_mic.dir/C_/Users/linco/.pico-sdk/sdk/2.1.1/src/rp2_common/pico_clib_interface/newlib_interface.c.obj
                0x10004244                _exit
 .text._sbrk    0x10004248       0x34 CMakeFiles/amostragem_mic.dir/C_/Users/linco/.pico-sdk/sdk/2.1.1/src/rp2_common/pico_clib_interface/newlib_interface.c.obj
                0x10004248                _sbrk
 .text.exit     0x1000427c        0x8 CMakeFiles/amostragem_mic.dir/C_/Users/linco/.pico-sdk/sdk/2.1.1/src/rp2_common/pico_clib_interface/newlib_interface.c.obj
                0x1000427c                exit
 .text.runtime_init
                0x10004284       0x2c CMakeFiles/amostragem_mic.dir/C_/Users/linco/.pico-sdk/sdk/2.1.1/src/rp2_common/pico_clib_interface/newlib_interface.c.obj
                0x10004284                runtime_init
 .text.stdio_out_chars_no_crlf
                0x100042b0       0x10 CMakeFiles/amostragem_mic.dir/C_/Users/linco/.pico-sdk/sdk/2.1.1/src/rp2_common/pico_stdio/stdio.c.obj
 .text.stdio_out_chars_crlf
                0x100042c0       0xb0 CMakeFiles/amostragem_mic.dir/C_/Users/linco/.pico-sdk/sdk/2.1.1/src/rp2_common/pico_stdio/stdio.c.obj
 .text.stdio_buffered_printer
                0x10004370       0x64 CMakeFiles/amostragem_mic.dir/C_/Users/linco/.pico-sdk/sdk/2.1.1/src/rp2_common/pico_stdio/stdio.c.obj
 .text.stdio_put_string
                0x100043d4       0xfc CMakeFiles/amostragem_mic.dir/C_/Users/linco/.pico-sdk/sdk/2.1.1/src/rp2_common/pico_stdio/stdio.c.obj
                0x100043d4                stdio_put_string
 .text.stdio_set_driver_enabled
                0x100044d0       0x30 CMakeFiles/amostragem_mic.dir/C_/Users/linco/.pico-sdk/sdk/2.1.1/src/rp2_common/pico_stdio/stdio.c.obj
                0x100044d0                stdio_set_driver_enabled
 .text.stdio_init_all
                0x10004500        0x8 CMakeFiles/amostragem_mic.dir/C_/Users/linco/.pico-sdk/sdk/2.1.1/src/rp2_common/pico_stdio/stdio.c.obj
                0x10004500                stdio_init_all
 .text.__wrap_putchar
                0x10004508       0x94 CMakeFiles/amostragem_mic.dir/C_/Users/linco/.pico-sdk/sdk/2.1.1/src/rp2_common/pico_stdio/stdio.c.obj
                0x10004508                __wrap_putchar
                0x10004508                stdio_putchar
 .text.__wrap_puts
                0x1000459c       0x3c CMakeFiles/amostragem_mic.dir/C_/Users/linco/.pico-sdk/sdk/2.1.1/src/rp2_common/pico_stdio/stdio.c.obj
                0x1000459c                stdio_puts
                0x1000459c                __wrap_puts
 .text.__wrap_vprintf
                0x100045d8       0xcc CMakeFiles/amostragem_mic.dir/C_/Users/linco/.pico-sdk/sdk/2.1.1/src/rp2_common/pico_stdio/stdio.c.obj
                0x100045d8                stdio_vprintf
                0x100045d8                __wrap_vprintf
 .text.__wrap_printf
                0x100046a4       0x18 CMakeFiles/amostragem_mic.dir/C_/Users/linco/.pico-sdk/sdk/2.1.1/src/rp2_common/pico_stdio/stdio.c.obj
                0x100046a4                __wrap_printf
                0x100046a4                stdio_printf
 .text.resetd_init
                0x100046bc        0x4 CMakeFiles/amostragem_mic.dir/C_/Users/linco/.pico-sdk/sdk/2.1.1/src/rp2_common/pico_stdio_usb/reset_interface.c.obj
 .text.resetd_reset
                0x100046c0        0xc CMakeFiles/amostragem_mic.dir/C_/Users/linco/.pico-sdk/sdk/2.1.1/src/rp2_common/pico_stdio_usb/reset_interface.c.obj
 .text.resetd_open
                0x100046cc       0x28 CMakeFiles/amostragem_mic.dir/C_/Users/linco/.pico-sdk/sdk/2.1.1/src/rp2_common/pico_stdio_usb/reset_interface.c.obj
 .text.resetd_xfer_cb
                0x100046f4        0x4 CMakeFiles/amostragem_mic.dir/C_/Users/linco/.pico-sdk/sdk/2.1.1/src/rp2_common/pico_stdio_usb/reset_interface.c.obj
 .text.resetd_control_xfer_cb
                0x100046f8       0x54 CMakeFiles/amostragem_mic.dir/C_/Users/linco/.pico-sdk/sdk/2.1.1/src/rp2_common/pico_stdio_usb/reset_interface.c.obj
 .text.tud_descriptor_bos_cb
                0x1000474c        0x8 CMakeFiles/amostragem_mic.dir/C_/Users/linco/.pico-sdk/sdk/2.1.1/src/rp2_common/pico_stdio_usb/reset_interface.c.obj
                0x1000474c                tud_descriptor_bos_cb
 .text.tud_vendor_control_xfer_cb
                0x10004754       0x34 CMakeFiles/amostragem_mic.dir/C_/Users/linco/.pico-sdk/sdk/2.1.1/src/rp2_common/pico_stdio_usb/reset_interface.c.obj
                0x10004754                tud_vendor_control_xfer_cb
 .text.usbd_app_driver_get_cb
                0x10004788        0xc CMakeFiles/amostragem_mic.dir/C_/Users/linco/.pico-sdk/sdk/2.1.1/src/rp2_common/pico_stdio_usb/reset_interface.c.obj
                0x10004788                usbd_app_driver_get_cb
 .text.tud_cdc_line_coding_cb
                0x10004794       0x2c CMakeFiles/amostragem_mic.dir/C_/Users/linco/.pico-sdk/sdk/2.1.1/src/rp2_common/pico_stdio_usb/reset_interface.c.obj
                0x10004794                tud_cdc_line_coding_cb
 .text.stdio_usb_set_chars_available_callback
                0x100047c0       0x14 CMakeFiles/amostragem_mic.dir/C_/Users/linco/.pico-sdk/sdk/2.1.1/src/rp2_common/pico_stdio_usb/stdio_usb.c.obj
                0x100047c0                stdio_usb_set_chars_available_callback
 .text.usb_irq  0x100047d4       0x10 CMakeFiles/amostragem_mic.dir/C_/Users/linco/.pico-sdk/sdk/2.1.1/src/rp2_common/pico_stdio_usb/stdio_usb.c.obj
 .text.timer_task
                0x100047e4       0x64 CMakeFiles/amostragem_mic.dir/C_/Users/linco/.pico-sdk/sdk/2.1.1/src/rp2_common/pico_stdio_usb/stdio_usb.c.obj
 .text.stdio_usb_in_chars
                0x10004848       0x8c CMakeFiles/amostragem_mic.dir/C_/Users/linco/.pico-sdk/sdk/2.1.1/src/rp2_common/pico_stdio_usb/stdio_usb.c.obj
                0x10004848                stdio_usb_in_chars
 .text.stdio_usb_out_flush
                0x100048d4       0x4c CMakeFiles/amostragem_mic.dir/C_/Users/linco/.pico-sdk/sdk/2.1.1/src/rp2_common/pico_stdio_usb/stdio_usb.c.obj
 .text.stdio_usb_out_chars
                0x10004920      0x100 CMakeFiles/amostragem_mic.dir/C_/Users/linco/.pico-sdk/sdk/2.1.1/src/rp2_common/pico_stdio_usb/stdio_usb.c.obj
 .text.low_priority_worker_irq
                0x10004a20       0xc8 CMakeFiles/amostragem_mic.dir/C_/Users/linco/.pico-sdk/sdk/2.1.1/src/rp2_common/pico_stdio_usb/stdio_usb.c.obj
 .text.stdio_usb_init
                0x10004ae8       0xe8 CMakeFiles/amostragem_mic.dir/C_/Users/linco/.pico-sdk/sdk/2.1.1/src/rp2_common/pico_stdio_usb/stdio_usb.c.obj
                0x10004ae8                stdio_usb_init
 .text.tud_descriptor_device_cb
                0x10004bd0        0x8 CMakeFiles/amostragem_mic.dir/C_/Users/linco/.pico-sdk/sdk/2.1.1/src/rp2_common/pico_stdio_usb/stdio_usb_descriptors.c.obj
                0x10004bd0                tud_descriptor_device_cb
 .text.tud_descriptor_configuration_cb
                0x10004bd8        0x8 CMakeFiles/amostragem_mic.dir/C_/Users/linco/.pico-sdk/sdk/2.1.1/src/rp2_common/pico_stdio_usb/stdio_usb_descriptors.c.obj
                0x10004bd8                tud_descriptor_configuration_cb
 .text.tud_descriptor_string_cb
                0x10004be0       0x78 CMakeFiles/amostragem_mic.dir/C_/Users/linco/.pico-sdk/sdk/2.1.1/src/rp2_common/pico_stdio_usb/stdio_usb_descriptors.c.obj
                0x10004be0                tud_descriptor_string_cb
 .text.startup._retrieve_unique_id_on_boot
                0x10004c58       0x10 CMakeFiles/amostragem_mic.dir/C_/Users/linco/.pico-sdk/sdk/2.1.1/src/rp2_common/pico_unique_id/unique_id.c.obj
 .text.pico_get_unique_board_id_string
                0x10004c68      0x1a8 CMakeFiles/amostragem_mic.dir/C_/Users/linco/.pico-sdk/sdk/2.1.1/src/rp2_common/pico_unique_id/unique_id.c.obj
                0x10004c68                pico_get_unique_board_id_string
 .text.flash_get_unique_id
                0x10004e10       0x3c CMakeFiles/amostragem_mic.dir/C_/Users/linco/.pico-sdk/sdk/2.1.1/src/rp2_common/hardware_flash/flash.c.obj
                0x10004e10                flash_get_unique_id
 .text.dcd_init
                0x10004e4c       0x90 CMakeFiles/amostragem_mic.dir/C_/Users/linco/.pico-sdk/sdk/2.1.1/lib/tinyusb/src/portable/raspberrypi/rp2040/dcd_rp2040.c.obj
                0x10004e4c                dcd_init
 .text.dcd_int_enable
                0x10004edc        0xc CMakeFiles/amostragem_mic.dir/C_/Users/linco/.pico-sdk/sdk/2.1.1/lib/tinyusb/src/portable/raspberrypi/rp2040/dcd_rp2040.c.obj
                0x10004edc                dcd_int_enable
 .text.dcd_set_address
                0x10004ee8       0x14 CMakeFiles/amostragem_mic.dir/C_/Users/linco/.pico-sdk/sdk/2.1.1/lib/tinyusb/src/portable/raspberrypi/rp2040/dcd_rp2040.c.obj
                0x10004ee8                dcd_set_address
 .text.dcd_sof_enable
                0x10004efc       0x1c CMakeFiles/amostragem_mic.dir/C_/Users/linco/.pico-sdk/sdk/2.1.1/lib/tinyusb/src/portable/raspberrypi/rp2040/dcd_rp2040.c.obj
                0x10004efc                dcd_sof_enable
 .text.dcd_edpt0_status_complete
                0x10004f18       0x1c CMakeFiles/amostragem_mic.dir/C_/Users/linco/.pico-sdk/sdk/2.1.1/lib/tinyusb/src/portable/raspberrypi/rp2040/dcd_rp2040.c.obj
                0x10004f18                dcd_edpt0_status_complete
 .text.dcd_edpt_open
                0x10004f34      0x114 CMakeFiles/amostragem_mic.dir/C_/Users/linco/.pico-sdk/sdk/2.1.1/lib/tinyusb/src/portable/raspberrypi/rp2040/dcd_rp2040.c.obj
                0x10004f34                dcd_edpt_open
 .text.dcd_edpt_close_all
                0x10005048        0x8 CMakeFiles/amostragem_mic.dir/C_/Users/linco/.pico-sdk/sdk/2.1.1/lib/tinyusb/src/portable/raspberrypi/rp2040/dcd_rp2040.c.obj
                0x10005048                dcd_edpt_close_all
 .text.dcd_edpt_xfer
                0x10005050       0x24 CMakeFiles/amostragem_mic.dir/C_/Users/linco/.pico-sdk/sdk/2.1.1/lib/tinyusb/src/portable/raspberrypi/rp2040/dcd_rp2040.c.obj
                0x10005050                dcd_edpt_xfer
 .text.dcd_edpt_stall
                0x10005074       0x3c CMakeFiles/amostragem_mic.dir/C_/Users/linco/.pico-sdk/sdk/2.1.1/lib/tinyusb/src/portable/raspberrypi/rp2040/dcd_rp2040.c.obj
                0x10005074                dcd_edpt_stall
 .text.dcd_edpt_clear_stall
                0x100050b0       0x30 CMakeFiles/amostragem_mic.dir/C_/Users/linco/.pico-sdk/sdk/2.1.1/lib/tinyusb/src/portable/raspberrypi/rp2040/dcd_rp2040.c.obj
                0x100050b0                dcd_edpt_clear_stall
 .text.rp2040_usb_init
                0x100050e0       0x40 CMakeFiles/amostragem_mic.dir/C_/Users/linco/.pico-sdk/sdk/2.1.1/lib/tinyusb/src/portable/raspberrypi/rp2040/rp2040_usb.c.obj
                0x100050e0                rp2040_usb_init
 .text.hw_endpoint_xfer_start
                0x10005120       0x40 CMakeFiles/amostragem_mic.dir/C_/Users/linco/.pico-sdk/sdk/2.1.1/lib/tinyusb/src/portable/raspberrypi/rp2040/rp2040_usb.c.obj
                0x10005120                hw_endpoint_xfer_start
 .text.tud_event_hook_cb
                0x10005160        0x4 CMakeFiles/amostragem_mic.dir/C_/Users/linco/.pico-sdk/sdk/2.1.1/lib/tinyusb/src/device/usbd.c.obj
                0x10005160                tud_event_hook_cb
 .text.tud_sof_cb
                0x10005164        0x4 CMakeFiles/amostragem_mic.dir/C_/Users/linco/.pico-sdk/sdk/2.1.1/lib/tinyusb/src/device/usbd.c.obj
                0x10005164                tud_sof_cb
 .text.tud_descriptor_device_qualifier_cb
                0x10005168        0x4 CMakeFiles/amostragem_mic.dir/C_/Users/linco/.pico-sdk/sdk/2.1.1/lib/tinyusb/src/device/usbd.c.obj
                0x10005168                tud_descriptor_device_qualifier_cb
 .text.tud_descriptor_other_speed_configuration_cb
                0x1000516c        0x4 CMakeFiles/amostragem_mic.dir/C_/Users/linco/.pico-sdk/sdk/2.1.1/lib/tinyusb/src/device/usbd.c.obj
                0x1000516c                tud_descriptor_other_speed_configuration_cb
 .text.tud_mount_cb
                0x10005170        0x4 CMakeFiles/amostragem_mic.dir/C_/Users/linco/.pico-sdk/sdk/2.1.1/lib/tinyusb/src/device/usbd.c.obj
                0x10005170                tud_mount_cb
 .text.tud_umount_cb
                0x10005174        0x4 CMakeFiles/amostragem_mic.dir/C_/Users/linco/.pico-sdk/sdk/2.1.1/lib/tinyusb/src/device/usbd.c.obj
                0x10005174                tud_umount_cb
 .text.tud_suspend_cb
                0x10005178        0x4 CMakeFiles/amostragem_mic.dir/C_/Users/linco/.pico-sdk/sdk/2.1.1/lib/tinyusb/src/device/usbd.c.obj
                0x10005178                tud_suspend_cb
 .text.tud_resume_cb
                0x1000517c        0x4 CMakeFiles/amostragem_mic.dir/C_/Users/linco/.pico-sdk/sdk/2.1.1/lib/tinyusb/src/device/usbd.c.obj
                0x1000517c                tud_resume_cb
 .text.tud_mounted
                0x10005180       0x10 CMakeFiles/amostragem_mic.dir/C_/Users/linco/.pico-sdk/sdk/2.1.1/lib/tinyusb/src/device/usbd.c.obj
                0x10005180                tud_mounted
 .text.tud_suspended
                0x10005190       0x10 CMakeFiles/amostragem_mic.dir/C_/Users/linco/.pico-sdk/sdk/2.1.1/lib/tinyusb/src/device/usbd.c.obj
                0x10005190                tud_suspended
 .text.tud_rhport_init
                0x100051a0       0xf4 CMakeFiles/amostragem_mic.dir/C_/Users/linco/.pico-sdk/sdk/2.1.1/lib/tinyusb/src/device/usbd.c.obj
                0x100051a0                tud_rhport_init
 .text.tud_task_ext
                0x10005294      0x800 CMakeFiles/amostragem_mic.dir/C_/Users/linco/.pico-sdk/sdk/2.1.1/lib/tinyusb/src/device/usbd.c.obj
                0x10005294                tud_task_ext
 .text.usbd_open_edpt_pair
                0x10005a94       0x9c CMakeFiles/amostragem_mic.dir/C_/Users/linco/.pico-sdk/sdk/2.1.1/lib/tinyusb/src/device/usbd.c.obj
                0x10005a94                usbd_open_edpt_pair
 .text.usbd_edpt_open
                0x10005b30       0x34 CMakeFiles/amostragem_mic.dir/C_/Users/linco/.pico-sdk/sdk/2.1.1/lib/tinyusb/src/device/usbd.c.obj
                0x10005b30                usbd_edpt_open
 .text.usbd_edpt_claim
                0x10005b64       0x28 CMakeFiles/amostragem_mic.dir/C_/Users/linco/.pico-sdk/sdk/2.1.1/lib/tinyusb/src/device/usbd.c.obj
                0x10005b64                usbd_edpt_claim
 .text.usbd_edpt_release
                0x10005b8c       0x28 CMakeFiles/amostragem_mic.dir/C_/Users/linco/.pico-sdk/sdk/2.1.1/lib/tinyusb/src/device/usbd.c.obj
                0x10005b8c                usbd_edpt_release
 .text.usbd_edpt_xfer
                0x10005bb4       0x4c CMakeFiles/amostragem_mic.dir/C_/Users/linco/.pico-sdk/sdk/2.1.1/lib/tinyusb/src/device/usbd.c.obj
                0x10005bb4                usbd_edpt_xfer
 .text.tud_control_status
                0x10005c00       0x2c CMakeFiles/amostragem_mic.dir/C_/Users/linco/.pico-sdk/sdk/2.1.1/lib/tinyusb/src/device/usbd_control.c.obj
                0x10005c00                tud_control_status
 .text.tud_control_xfer
                0x10005c2c       0xa8 CMakeFiles/amostragem_mic.dir/C_/Users/linco/.pico-sdk/sdk/2.1.1/lib/tinyusb/src/device/usbd_control.c.obj
                0x10005c2c                tud_control_xfer
 .text.usbd_control_reset
                0x10005cd4       0x14 CMakeFiles/amostragem_mic.dir/C_/Users/linco/.pico-sdk/sdk/2.1.1/lib/tinyusb/src/device/usbd_control.c.obj
                0x10005cd4                usbd_control_reset
 .text.usbd_control_set_complete_callback
                0x10005ce8        0xc CMakeFiles/amostragem_mic.dir/C_/Users/linco/.pico-sdk/sdk/2.1.1/lib/tinyusb/src/device/usbd_control.c.obj
                0x10005ce8                usbd_control_set_complete_callback
 .text.usbd_control_set_request
                0x10005cf4       0x1c CMakeFiles/amostragem_mic.dir/C_/Users/linco/.pico-sdk/sdk/2.1.1/lib/tinyusb/src/device/usbd_control.c.obj
                0x10005cf4                usbd_control_set_request
 .text.usbd_control_xfer_cb
                0x10005d10       0xec CMakeFiles/amostragem_mic.dir/C_/Users/linco/.pico-sdk/sdk/2.1.1/lib/tinyusb/src/device/usbd_control.c.obj
                0x10005d10                usbd_control_xfer_cb
 .text._prep_out_transaction.isra.0
                0x10005dfc       0x6c CMakeFiles/amostragem_mic.dir/C_/Users/linco/.pico-sdk/sdk/2.1.1/lib/tinyusb/src/class/cdc/cdc_device.c.obj
 .text.tud_cdc_n_connected
                0x10005e68       0x2c CMakeFiles/amostragem_mic.dir/C_/Users/linco/.pico-sdk/sdk/2.1.1/lib/tinyusb/src/class/cdc/cdc_device.c.obj
                0x10005e68                tud_cdc_n_connected
 .text.tud_cdc_n_available
                0x10005e94       0x14 CMakeFiles/amostragem_mic.dir/C_/Users/linco/.pico-sdk/sdk/2.1.1/lib/tinyusb/src/class/cdc/cdc_device.c.obj
                0x10005e94                tud_cdc_n_available
 .text.tud_cdc_n_read
                0x10005ea8       0x88 CMakeFiles/amostragem_mic.dir/C_/Users/linco/.pico-sdk/sdk/2.1.1/lib/tinyusb/src/class/cdc/cdc_device.c.obj
                0x10005ea8                tud_cdc_n_read
 .text.tud_cdc_n_write_flush
                0x10005f30       0x74 CMakeFiles/amostragem_mic.dir/C_/Users/linco/.pico-sdk/sdk/2.1.1/lib/tinyusb/src/class/cdc/cdc_device.c.obj
                0x10005f30                tud_cdc_n_write_flush
 .text.tud_cdc_n_write
                0x10005fa4       0x40 CMakeFiles/amostragem_mic.dir/C_/Users/linco/.pico-sdk/sdk/2.1.1/lib/tinyusb/src/class/cdc/cdc_device.c.obj
                0x10005fa4                tud_cdc_n_write
 .text.tud_cdc_n_write_available
                0x10005fe4       0x14 CMakeFiles/amostragem_mic.dir/C_/Users/linco/.pico-sdk/sdk/2.1.1/lib/tinyusb/src/class/cdc/cdc_device.c.obj
                0x10005fe4                tud_cdc_n_write_available
 .text.cdcd_init
                0x10005ff8       0x70 CMakeFiles/amostragem_mic.dir/C_/Users/linco/.pico-sdk/sdk/2.1.1/lib/tinyusb/src/class/cdc/cdc_device.c.obj
                0x10005ff8                cdcd_init
 .text.cdcd_deinit
                0x10006068       0x30 CMakeFiles/amostragem_mic.dir/C_/Users/linco/.pico-sdk/sdk/2.1.1/lib/tinyusb/src/class/cdc/cdc_device.c.obj
                0x10006068                cdcd_deinit
 .text.cdcd_reset
                0x10006098       0x4c CMakeFiles/amostragem_mic.dir/C_/Users/linco/.pico-sdk/sdk/2.1.1/lib/tinyusb/src/class/cdc/cdc_device.c.obj
                0x10006098                cdcd_reset
 .text.cdcd_open
                0x100060e4       0xa4 CMakeFiles/amostragem_mic.dir/C_/Users/linco/.pico-sdk/sdk/2.1.1/lib/tinyusb/src/class/cdc/cdc_device.c.obj
                0x100060e4                cdcd_open
 .text.cdcd_control_xfer_cb
                0x10006188       0xe8 CMakeFiles/amostragem_mic.dir/C_/Users/linco/.pico-sdk/sdk/2.1.1/lib/tinyusb/src/class/cdc/cdc_device.c.obj
                0x10006188                cdcd_control_xfer_cb
 .text.cdcd_xfer_cb
                0x10006270      0x100 CMakeFiles/amostragem_mic.dir/C_/Users/linco/.pico-sdk/sdk/2.1.1/lib/tinyusb/src/class/cdc/cdc_device.c.obj
                0x10006270                cdcd_xfer_cb
 .text.vendord_init
                0x10006370       0x5c CMakeFiles/amostragem_mic.dir/C_/Users/linco/.pico-sdk/sdk/2.1.1/lib/tinyusb/src/class/vendor/vendor_device.c.obj
                0x10006370                vendord_init
 .text.vendord_deinit
                0x100063cc       0x1c CMakeFiles/amostragem_mic.dir/C_/Users/linco/.pico-sdk/sdk/2.1.1/lib/tinyusb/src/class/vendor/vendor_device.c.obj
                0x100063cc                vendord_deinit
 .text.vendord_reset
                0x100063e8       0x28 CMakeFiles/amostragem_mic.dir/C_/Users/linco/.pico-sdk/sdk/2.1.1/lib/tinyusb/src/class/vendor/vendor_device.c.obj
                0x100063e8                vendord_reset
 .text.vendord_open
                0x10006410      0x120 CMakeFiles/amostragem_mic.dir/C_/Users/linco/.pico-sdk/sdk/2.1.1/lib/tinyusb/src/class/vendor/vendor_device.c.obj
                0x10006410                vendord_open
 .text.vendord_xfer_cb
                0x10006530       0x9c CMakeFiles/amostragem_mic.dir/C_/Users/linco/.pico-sdk/sdk/2.1.1/lib/tinyusb/src/class/vendor/vendor_device.c.obj
                0x10006530                vendord_xfer_cb
 .text.tusb_rhport_init
                0x100065cc       0x4c CMakeFiles/amostragem_mic.dir/C_/Users/linco/.pico-sdk/sdk/2.1.1/lib/tinyusb/src/tusb.c.obj
                0x100065cc                tusb_rhport_init
 .text.tu_edpt_claim
                0x10006618       0x50 CMakeFiles/amostragem_mic.dir/C_/Users/linco/.pico-sdk/sdk/2.1.1/lib/tinyusb/src/tusb.c.obj
                0x10006618                tu_edpt_claim
 .text.tu_edpt_release
                0x10006668       0x38 CMakeFiles/amostragem_mic.dir/C_/Users/linco/.pico-sdk/sdk/2.1.1/lib/tinyusb/src/tusb.c.obj
                0x10006668                tu_edpt_release
 .text.tu_edpt_validate
                0x100066a0       0x7c CMakeFiles/amostragem_mic.dir/C_/Users/linco/.pico-sdk/sdk/2.1.1/lib/tinyusb/src/tusb.c.obj
                0x100066a0                tu_edpt_validate
 .text.tu_edpt_bind_driver
                0x1000671c       0x34 CMakeFiles/amostragem_mic.dir/C_/Users/linco/.pico-sdk/sdk/2.1.1/lib/tinyusb/src/tusb.c.obj
                0x1000671c                tu_edpt_bind_driver
 .text.tu_edpt_stream_init
                0x10006750       0x6c CMakeFiles/amostragem_mic.dir/C_/Users/linco/.pico-sdk/sdk/2.1.1/lib/tinyusb/src/tusb.c.obj
                0x10006750                tu_edpt_stream_init
 .text.tu_edpt_stream_deinit
                0x100067bc        0x4 CMakeFiles/amostragem_mic.dir/C_/Users/linco/.pico-sdk/sdk/2.1.1/lib/tinyusb/src/tusb.c.obj
                0x100067bc                tu_edpt_stream_deinit
 .text.tu_edpt_stream_write_zlp_if_needed
                0x100067c0       0x68 CMakeFiles/amostragem_mic.dir/C_/Users/linco/.pico-sdk/sdk/2.1.1/lib/tinyusb/src/tusb.c.obj
                0x100067c0                tu_edpt_stream_write_zlp_if_needed
 .text.tu_edpt_stream_write_xfer
                0x10006828       0x68 CMakeFiles/amostragem_mic.dir/C_/Users/linco/.pico-sdk/sdk/2.1.1/lib/tinyusb/src/tusb.c.obj
                0x10006828                tu_edpt_stream_write_xfer
 .text.tu_edpt_stream_read_xfer
                0x10006890       0xd8 CMakeFiles/amostragem_mic.dir/C_/Users/linco/.pico-sdk/sdk/2.1.1/lib/tinyusb/src/tusb.c.obj
                0x10006890                tu_edpt_stream_read_xfer
 .text.tu_fifo_config
                0x10006968       0x6c CMakeFiles/amostragem_mic.dir/C_/Users/linco/.pico-sdk/sdk/2.1.1/lib/tinyusb/src/common/tusb_fifo.c.obj
                0x10006968                tu_fifo_config
 .text.tu_fifo_count
                0x100069d4       0x2c CMakeFiles/amostragem_mic.dir/C_/Users/linco/.pico-sdk/sdk/2.1.1/lib/tinyusb/src/common/tusb_fifo.c.obj
                0x100069d4                tu_fifo_count
 .text.tu_fifo_empty
                0x10006a00       0x10 CMakeFiles/amostragem_mic.dir/C_/Users/linco/.pico-sdk/sdk/2.1.1/lib/tinyusb/src/common/tusb_fifo.c.obj
                0x10006a00                tu_fifo_empty
 .text.tu_fifo_remaining
                0x10006a10       0x2c CMakeFiles/amostragem_mic.dir/C_/Users/linco/.pico-sdk/sdk/2.1.1/lib/tinyusb/src/common/tusb_fifo.c.obj
                0x10006a10                tu_fifo_remaining
 .text.tu_fifo_read
                0x10006a3c       0x9c CMakeFiles/amostragem_mic.dir/C_/Users/linco/.pico-sdk/sdk/2.1.1/lib/tinyusb/src/common/tusb_fifo.c.obj
                0x10006a3c                tu_fifo_read
 .text.tu_fifo_read_n
                0x10006ad8       0xe8 CMakeFiles/amostragem_mic.dir/C_/Users/linco/.pico-sdk/sdk/2.1.1/lib/tinyusb/src/common/tusb_fifo.c.obj
                0x10006ad8                tu_fifo_read_n
 .text.tu_fifo_write
                0x10006bc0       0xa4 CMakeFiles/amostragem_mic.dir/C_/Users/linco/.pico-sdk/sdk/2.1.1/lib/tinyusb/src/common/tusb_fifo.c.obj
                0x10006bc0                tu_fifo_write
 .text.tu_fifo_write_n
                0x10006c64      0x178 CMakeFiles/amostragem_mic.dir/C_/Users/linco/.pico-sdk/sdk/2.1.1/lib/tinyusb/src/common/tusb_fifo.c.obj
                0x10006c64                tu_fifo_write_n
 .text.tu_fifo_clear
                0x10006ddc       0x40 CMakeFiles/amostragem_mic.dir/C_/Users/linco/.pico-sdk/sdk/2.1.1/lib/tinyusb/src/common/tusb_fifo.c.obj
                0x10006ddc                tu_fifo_clear
 .text.tu_fifo_set_overwritable
                0x10006e1c       0x48 CMakeFiles/amostragem_mic.dir/C_/Users/linco/.pico-sdk/sdk/2.1.1/lib/tinyusb/src/common/tusb_fifo.c.obj
                0x10006e1c                tu_fifo_set_overwritable
 .text.i2c_write_blocking_internal.constprop.0
                0x10006e64       0xf8 CMakeFiles/amostragem_mic.dir/C_/Users/linco/.pico-sdk/sdk/2.1.1/src/rp2_common/hardware_i2c/i2c.c.obj
 .text.i2c_set_baudrate
                0x10006f5c       0xc0 CMakeFiles/amostragem_mic.dir/C_/Users/linco/.pico-sdk/sdk/2.1.1/src/rp2_common/hardware_i2c/i2c.c.obj
                0x10006f5c                i2c_set_baudrate
 .text.i2c_init
                0x1000701c       0x50 CMakeFiles/amostragem_mic.dir/C_/Users/linco/.pico-sdk/sdk/2.1.1/src/rp2_common/hardware_i2c/i2c.c.obj
                0x1000701c                i2c_init
 .text.i2c_write_blocking
                0x1000706c       0x14 CMakeFiles/amostragem_mic.dir/C_/Users/linco/.pico-sdk/sdk/2.1.1/src/rp2_common/hardware_i2c/i2c.c.obj
                0x1000706c                i2c_write_blocking
 .text.adc_init
                0x10007080       0x38 CMakeFiles/amostragem_mic.dir/C_/Users/linco/.pico-sdk/sdk/2.1.1/src/rp2_common/hardware_adc/adc.c.obj
                0x10007080                adc_init
 .text.malloc   0x100070b8       0x14 C:/Users/linco/.pico-sdk/toolchain/14_2_Rel1/bin/../lib/gcc/arm-none-eabi/14.2.1/thumb/v6-m/nofp\libg.a(libc_a-malloc.o)
                0x100070b8                malloc
 .text._malloc_r
                0x100070cc      0x5cc C:/Users/linco/.pico-sdk/toolchain/14_2_Rel1/bin/../lib/gcc/arm-none-eabi/14.2.1/thumb/v6-m/nofp\libg.a(libc_a-mallocr.o)
                0x100070cc                _malloc_r
 .text.__malloc_lock
                0x10007698       0x10 C:/Users/linco/.pico-sdk/toolchain/14_2_Rel1/bin/../lib/gcc/arm-none-eabi/14.2.1/thumb/v6-m/nofp\libg.a(libc_a-mlock.o)
                0x10007698                __malloc_lock
 .text.__malloc_unlock
                0x100076a8       0x10 C:/Users/linco/.pico-sdk/toolchain/14_2_Rel1/bin/../lib/gcc/arm-none-eabi/14.2.1/thumb/v6-m/nofp\libg.a(libc_a-mlock.o)
                0x100076a8                __malloc_unlock
 .text._sbrk_r  0x100076b8       0x24 C:/Users/linco/.pico-sdk/toolchain/14_2_Rel1/bin/../lib/gcc/arm-none-eabi/14.2.1/thumb/v6-m/nofp\libg.a(libc_a-sbrkr.o)
                0x100076b8                _sbrk_r
 .text.__errno  0x100076dc        0xc C:/Users/linco/.pico-sdk/toolchain/14_2_Rel1/bin/../lib/gcc/arm-none-eabi/14.2.1/thumb/v6-m/nofp\libg.a(libc_a-errno.o)
                0x100076dc                __errno
 .text.__retarget_lock_acquire_recursive
                0x100076e8        0x4 C:/Users/linco/.pico-sdk/toolchain/14_2_Rel1/bin/../lib/gcc/arm-none-eabi/14.2.1/thumb/v6-m/nofp\libg.a(libc_a-lock.o)
                0x100076e8                __retarget_lock_acquire_recursive
 .text.__retarget_lock_release_recursive
                0x100076ec        0x4 C:/Users/linco/.pico-sdk/toolchain/14_2_Rel1/bin/../lib/gcc/arm-none-eabi/14.2.1/thumb/v6-m/nofp\libg.a(libc_a-lock.o)
                0x100076ec                __retarget_lock_release_recursive
 .text.sysconf  0x100076f0       0x1c C:/Users/linco/.pico-sdk/toolchain/14_2_Rel1/bin/../lib/gcc/arm-none-eabi/14.2.1/thumb/v6-m/nofp\libg.a(libc_a-sysconf.o)
                0x100076f0                sysconf
 .text.strlen   0x1000770c       0x5c C:/Users/linco/.pico-sdk/toolchain/14_2_Rel1/bin/../lib/gcc/arm-none-eabi/14.2.1/thumb/v6-m/nofp\libg.a(libc_a-strlen-stub.o)
                0x1000770c                strlen
 .text._malloc_trim_r
                0x10007768       0xb4 C:/Users/linco/.pico-sdk/toolchain/14_2_Rel1/bin/../lib/gcc/arm-none-eabi/14.2.1/thumb/v6-m/nofp\libg.a(libc_a-freer.o)
                0x10007768                _malloc_trim_r
 .text._free_r  0x1000781c      0x1f0 C:/Users/linco/.pico-sdk/toolchain/14_2_Rel1/bin/../lib/gcc/arm-none-eabi/14.2.1/thumb/v6-m/nofp\libg.a(libc_a-freer.o)
                0x1000781c                _free_r
 *(.fini)
 .fini          0x10007a0c        0x4 C:/Users/linco/.pico-sdk/toolchain/14_2_Rel1/bin/../lib/gcc/arm-none-eabi/14.2.1/thumb/v6-m/nofp/crti.o
                0x10007a0c                _fini
 .fini.__stub   0x10007a10       0xc0 linker stubs
 *crtbegin.o(.ctors)
 *crtbegin?.o(.ctors)
 *(EXCLUDE_FILE(*crtend.o *crtend?.o) .ctors)
 *(SORT_BY_NAME(.ctors.*))
 *(.ctors)
 *crtbegin.o(.dtors)
 *crtbegin?.o(.dtors)
 *(EXCLUDE_FILE(*crtend.o *crtend?.o) .dtors)
 *(SORT_BY_NAME(.dtors.*))
 *(.dtors)
                0x10007ad0                        . = ALIGN (0x4)
                0x10007ad0                        PROVIDE (__preinit_array_start = .)
 *(SORT_BY_NAME(.preinit_array.*))
 .preinit_array.00100
                0x10007ad0        0x4 CMakeFiles/amostragem_mic.dir/C_/Users/linco/.pico-sdk/sdk/2.1.1/src/rp2_common/pico_runtime_init/runtime_init.c.obj
                0x10007ad0                __pre_init_runtime_init_early_resets
 .preinit_array.00101
                0x10007ad4        0x4 CMakeFiles/amostragem_mic.dir/C_/Users/linco/.pico-sdk/sdk/2.1.1/src/rp2_common/pico_runtime_init/runtime_init.c.obj
                0x10007ad4                __pre_init_runtime_init_usb_power_down
 .preinit_array.00275
                0x10007ad8        0x4 CMakeFiles/amostragem_mic.dir/C_/Users/linco/.pico-sdk/sdk/2.1.1/src/rp2_common/pico_bit_ops/bit_ops_aeabi.S.obj
 .preinit_array.00300
                0x10007adc        0x4 CMakeFiles/amostragem_mic.dir/C_/Users/linco/.pico-sdk/sdk/2.1.1/src/rp2_common/pico_mem_ops/mem_ops_aeabi.S.obj
 .preinit_array.00350
                0x10007ae0        0x4 CMakeFiles/amostragem_mic.dir/C_/Users/linco/.pico-sdk/sdk/2.1.1/src/rp2_common/pico_double/double_aeabi_rp2040.S.obj
 .preinit_array.00350
                0x10007ae4        0x4 CMakeFiles/amostragem_mic.dir/C_/Users/linco/.pico-sdk/sdk/2.1.1/src/rp2_common/pico_float/float_aeabi_rp2040.S.obj
 .preinit_array.00500
                0x10007ae8        0x4 CMakeFiles/amostragem_mic.dir/C_/Users/linco/.pico-sdk/sdk/2.1.1/src/rp2_common/pico_runtime_init/runtime_init.c.obj
                0x10007ae8                __pre_init_runtime_init_clocks
 .preinit_array.00600
                0x10007aec        0x4 CMakeFiles/amostragem_mic.dir/C_/Users/linco/.pico-sdk/sdk/2.1.1/src/rp2_common/pico_runtime_init/runtime_init.c.obj
                0x10007aec                __pre_init_runtime_init_post_clock_resets
 .preinit_array.00700
                0x10007af0        0x4 CMakeFiles/amostragem_mic.dir/C_/Users/linco/.pico-sdk/sdk/2.1.1/src/rp2_common/pico_runtime_init/runtime_init.c.obj
                0x10007af0                __pre_init_runtime_init_rp2040_gpio_ie_disable
 .preinit_array.01000
                0x10007af4        0x4 CMakeFiles/amostragem_mic.dir/C_/Users/linco/.pico-sdk/sdk/2.1.1/src/rp2_common/pico_runtime_init/runtime_init.c.obj
                0x10007af4                __pre_init_runtime_init_spin_locks_reset
 .preinit_array.01100
                0x10007af8        0x4 CMakeFiles/amostragem_mic.dir/C_/Users/linco/.pico-sdk/sdk/2.1.1/src/common/pico_sync/mutex.c.obj
                0x10007af8                __pre_init_runtime_init_mutex
 .preinit_array.10080
                0x10007afc        0x4 CMakeFiles/amostragem_mic.dir/C_/Users/linco/.pico-sdk/sdk/2.1.1/src/rp2_common/pico_runtime_init/runtime_init.c.obj
                0x10007afc                __pre_init_runtime_init_install_ram_vector_table
 .preinit_array.11000
                0x10007b00        0x4 CMakeFiles/amostragem_mic.dir/C_/Users/linco/.pico-sdk/sdk/2.1.1/src/common/pico_time/time.c.obj
                0x10007b00                __pre_init_runtime_init_default_alarm_pool
 .preinit_array.YYYYY
                0x10007b04        0x4 CMakeFiles/amostragem_mic.dir/C_/Users/linco/.pico-sdk/sdk/2.1.1/src/rp2_common/pico_runtime/runtime.c.obj
                0x10007b04                __pre_init_first_per_core_initializer
 .preinit_array.ZZZZZ.01200
                0x10007b08        0x4 CMakeFiles/amostragem_mic.dir/C_/Users/linco/.pico-sdk/sdk/2.1.1/src/rp2_common/hardware_irq/irq.c.obj
                0x10007b08                __pre_init_runtime_init_per_core_irq_priorities
 *(.preinit_array)
                0x10007b0c                        PROVIDE (__preinit_array_end = .)
                0x10007b0c                        . = ALIGN (0x4)
                0x10007b0c                        PROVIDE (__init_array_start = .)
 *(SORT_BY_NAME(.init_array.*))
 *(.init_array)
 .init_array    0x10007b0c        0x4 C:/Users/linco/.pico-sdk/toolchain/14_2_Rel1/bin/../lib/gcc/arm-none-eabi/14.2.1/thumb/v6-m/nofp/crtbegin.o
 .init_array    0x10007b10        0x4 CMakeFiles/amostragem_mic.dir/C_/Users/linco/.pico-sdk/sdk/2.1.1/src/rp2_common/pico_unique_id/unique_id.c.obj
                0x10007b14                        PROVIDE (__init_array_end = .)
                0x10007b14                        . = ALIGN (0x4)
                [!provide]                        PROVIDE (__fini_array_start = .)
 *(SORT_BY_NAME(.fini_array.*))
 *(.fini_array)
                [!provide]                        PROVIDE (__fini_array_end = .)
 *(.eh_frame*)
 .eh_frame      0x10007b14        0x0 C:/Users/linco/.pico-sdk/toolchain/14_2_Rel1/bin/../lib/gcc/arm-none-eabi/14.2.1/thumb/v6-m/nofp/crtbegin.o
                0x10007b14                        . = ALIGN (0x4)

.glue_7         0x10007b14        0x0
 .glue_7        0x10007b14        0x0 linker stubs

.glue_7t        0x10007b14        0x0
 .glue_7t       0x10007b14        0x0 linker stubs

.vfp11_veneer   0x10007b14        0x0
 .vfp11_veneer  0x10007b14        0x0 linker stubs

.v4_bx          0x10007b14        0x0
 .v4_bx         0x10007b14        0x0 linker stubs

.iplt           0x10007b14        0x0
 .iplt          0x10007b14        0x0 C:/Users/linco/.pico-sdk/toolchain/14_2_Rel1/bin/../lib/gcc/arm-none-eabi/14.2.1/thumb/v6-m/nofp/crtbegin.o

.rodata         0x10007b18      0x95c
 *(EXCLUDE_FILE(*libm.a: *libc.a:*lib_a-mem*.o *libgcc.a:) .rodata*)
 .rodata.main.str1.4
                0x10007b18      0x2c8 CMakeFiles/amostragem_mic.dir/src/amostragem_mic.c.obj
                                 0xcf (size before relaxing)
 .rodata.classify_sound_level.str1.4
                0x10007de0       0x19 CMakeFiles/amostragem_mic.dir/src/utils/microfone/mic.c.obj
 .rodata.ssd1306_init.str1.4
                0x10007de0       0x3f CMakeFiles/amostragem_mic.dir/lib/ssd1306/ssd1306.c.obj
 .rodata.ssd1306_show.str1.4
                0x10007de0        0xd CMakeFiles/amostragem_mic.dir/lib/ssd1306/ssd1306.c.obj
 .rodata.font_8x5
                0x10007de0      0x1e0 CMakeFiles/amostragem_mic.dir/lib/ssd1306/ssd1306.c.obj
                0x10007de0                font_8x5
 .rodata.panic.str1.4
                0x10007fc0       0x12 CMakeFiles/amostragem_mic.dir/C_/Users/linco/.pico-sdk/sdk/2.1.1/src/rp2_common/pico_platform_panic/panic.c.obj
 .rodata.spin_lock_claim_unused.str1.4
                0x10007fc0       0x1b CMakeFiles/amostragem_mic.dir/C_/Users/linco/.pico-sdk/sdk/2.1.1/src/rp2_common/hardware_sync/sync.c.obj
 .rodata.user_irq_claim_unused.str1.4
                0x10007fc0       0x1b CMakeFiles/amostragem_mic.dir/C_/Users/linco/.pico-sdk/sdk/2.1.1/src/rp2_common/hardware_irq/irq.c.obj
 .rodata.timer_hardware_alarm_claim.str1.4
                0x10007fc0       0x22 CMakeFiles/amostragem_mic.dir/C_/Users/linco/.pico-sdk/sdk/2.1.1/src/rp2_common/hardware_timer/timer.c.obj
 .rodata.hard_assertion_failure.str1.4
                0x10007fc0        0xc CMakeFiles/amostragem_mic.dir/C_/Users/linco/.pico-sdk/sdk/2.1.1/src/rp2_common/pico_runtime/runtime.c.obj
 .rodata.missing_double_func_shim.str1.4
                0x10007fc0       0x18 CMakeFiles/amostragem_mic.dir/C_/Users/linco/.pico-sdk/sdk/2.1.1/src/rp2_common/pico_double/double_init_rom_rp2040.c.obj
 .rodata.missing_float_func_shim.str1.4
                0x10007fc0        0x1 CMakeFiles/amostragem_mic.dir/C_/Users/linco/.pico-sdk/sdk/2.1.1/src/rp2_common/pico_float/float_init_rom_rp2040.c.obj
 .rodata.__wrap_malloc.str1.4
                0x10007fc0        0xe CMakeFiles/amostragem_mic.dir/C_/Users/linco/.pico-sdk/sdk/2.1.1/src/rp2_common/pico_malloc/malloc.c.obj
 .rodata.str1.4
                0x10007fc0       0x48 CMakeFiles/amostragem_mic.dir/C_/Users/linco/.pico-sdk/sdk/2.1.1/src/rp2_common/pico_standard_binary_info/standard_binary_info.c.obj
 .rodata.__bi_84
                0x10007fc0        0xc CMakeFiles/amostragem_mic.dir/C_/Users/linco/.pico-sdk/sdk/2.1.1/src/rp2_common/pico_standard_binary_info/standard_binary_info.c.obj
 .rodata.__bi_78
                0x10007fcc        0xc CMakeFiles/amostragem_mic.dir/C_/Users/linco/.pico-sdk/sdk/2.1.1/src/rp2_common/pico_standard_binary_info/standard_binary_info.c.obj
 .rodata.__bi_60
                0x10007fd8        0xc CMakeFiles/amostragem_mic.dir/C_/Users/linco/.pico-sdk/sdk/2.1.1/src/rp2_common/pico_standard_binary_info/standard_binary_info.c.obj
 .rodata.__bi_54
                0x10007fe4        0xc CMakeFiles/amostragem_mic.dir/C_/Users/linco/.pico-sdk/sdk/2.1.1/src/rp2_common/pico_standard_binary_info/standard_binary_info.c.obj
 .rodata.__bi_48
                0x10007ff0        0xc CMakeFiles/amostragem_mic.dir/C_/Users/linco/.pico-sdk/sdk/2.1.1/src/rp2_common/pico_standard_binary_info/standard_binary_info.c.obj
 .rodata.__bi_42
                0x10007ffc        0xc CMakeFiles/amostragem_mic.dir/C_/Users/linco/.pico-sdk/sdk/2.1.1/src/rp2_common/pico_standard_binary_info/standard_binary_info.c.obj
 .rodata.__bi_34
                0x10008008        0xc CMakeFiles/amostragem_mic.dir/C_/Users/linco/.pico-sdk/sdk/2.1.1/src/rp2_common/pico_standard_binary_info/standard_binary_info.c.obj
 .rodata.__bi_26
                0x10008014        0xc CMakeFiles/amostragem_mic.dir/C_/Users/linco/.pico-sdk/sdk/2.1.1/src/rp2_common/pico_standard_binary_info/standard_binary_info.c.obj
 .rodata._ftoa.str1.4
                0x10008020       0x15 CMakeFiles/amostragem_mic.dir/C_/Users/linco/.pico-sdk/sdk/2.1.1/src/rp2_common/pico_printf/printf.c.obj
 .rodata._vsnprintf
                0x10008020      0x19c CMakeFiles/amostragem_mic.dir/C_/Users/linco/.pico-sdk/sdk/2.1.1/src/rp2_common/pico_printf/printf.c.obj
 *fill*         0x100081bc        0x4 
 .rodata.pow10.0
                0x100081c0       0x50 CMakeFiles/amostragem_mic.dir/C_/Users/linco/.pico-sdk/sdk/2.1.1/src/rp2_common/pico_printf/printf.c.obj
 .rodata.crlf_str.0
                0x10008210        0x2 CMakeFiles/amostragem_mic.dir/C_/Users/linco/.pico-sdk/sdk/2.1.1/src/rp2_common/pico_stdio/stdio.c.obj
 *fill*         0x10008212        0x2 
 .rodata._resetd_driver
                0x10008214       0x20 CMakeFiles/amostragem_mic.dir/C_/Users/linco/.pico-sdk/sdk/2.1.1/src/rp2_common/pico_stdio_usb/reset_interface.c.obj
 .rodata.desc_ms_os_20
                0x10008234       0xa6 CMakeFiles/amostragem_mic.dir/C_/Users/linco/.pico-sdk/sdk/2.1.1/src/rp2_common/pico_stdio_usb/reset_interface.c.obj
 *fill*         0x100082da        0x2 
 .rodata.desc_bos
                0x100082dc       0x21 CMakeFiles/amostragem_mic.dir/C_/Users/linco/.pico-sdk/sdk/2.1.1/src/rp2_common/pico_stdio_usb/reset_interface.c.obj
                0x100082dc                desc_bos
 .rodata.str1.4
                0x100082fd       0x13 CMakeFiles/amostragem_mic.dir/C_/Users/linco/.pico-sdk/sdk/2.1.1/src/rp2_common/pico_stdio_usb/stdio_usb.c.obj
 *fill*         0x100082fd        0x3 
 .rodata.__bi_197.0
                0x10008300        0xc CMakeFiles/amostragem_mic.dir/C_/Users/linco/.pico-sdk/sdk/2.1.1/src/rp2_common/pico_stdio_usb/stdio_usb.c.obj
 .rodata.str1.4
                0x1000830c       0x2a CMakeFiles/amostragem_mic.dir/C_/Users/linco/.pico-sdk/sdk/2.1.1/src/rp2_common/pico_stdio_usb/stdio_usb_descriptors.c.obj
 .rodata.usbd_desc_str
                0x1000830c       0x18 CMakeFiles/amostragem_mic.dir/C_/Users/linco/.pico-sdk/sdk/2.1.1/src/rp2_common/pico_stdio_usb/stdio_usb_descriptors.c.obj
 .rodata.usbd_desc_cfg
                0x10008324       0x54 CMakeFiles/amostragem_mic.dir/C_/Users/linco/.pico-sdk/sdk/2.1.1/src/rp2_common/pico_stdio_usb/stdio_usb_descriptors.c.obj
 .rodata.usbd_desc_device
                0x10008378       0x12 CMakeFiles/amostragem_mic.dir/C_/Users/linco/.pico-sdk/sdk/2.1.1/src/rp2_common/pico_stdio_usb/stdio_usb_descriptors.c.obj
 .rodata.str1.4
                0x1000838a       0x14 CMakeFiles/amostragem_mic.dir/C_/Users/linco/.pico-sdk/sdk/2.1.1/lib/tinyusb/src/portable/raspberrypi/rp2040/dcd_rp2040.c.obj
 .rodata.str1.4
                0x1000838a       0x48 CMakeFiles/amostragem_mic.dir/C_/Users/linco/.pico-sdk/sdk/2.1.1/lib/tinyusb/src/portable/raspberrypi/rp2040/rp2040_usb.c.obj
 *fill*         0x1000838a        0x2 
 .rodata.tud_task_ext
                0x1000838c       0x8c CMakeFiles/amostragem_mic.dir/C_/Users/linco/.pico-sdk/sdk/2.1.1/lib/tinyusb/src/device/usbd.c.obj
 .rodata        0x10008418       0x1c CMakeFiles/amostragem_mic.dir/C_/Users/linco/.pico-sdk/sdk/2.1.1/lib/tinyusb/src/device/usbd.c.obj
 .rodata._usbd_driver
                0x10008434       0x40 CMakeFiles/amostragem_mic.dir/C_/Users/linco/.pico-sdk/sdk/2.1.1/lib/tinyusb/src/device/usbd.c.obj
                0x10008474                        . = ALIGN (0x4)
 *(SORT_BY_ALIGNMENT(SORT_BY_NAME(.flashdata*)))
                0x10008474                        . = ALIGN (0x4)

.ARM.extab
 *(.ARM.extab* .gnu.linkonce.armextab.*)
                0x10008474                        __exidx_start = .

.ARM.exidx
 *(.ARM.exidx* .gnu.linkonce.armexidx.*)
                0x10008474                        __exidx_end = .
                0x10008474                        . = ALIGN (0x4)
                0x10008474                        __binary_info_start = .

.binary_info    0x10008474       0x24
 *(.binary_info.keep.*)
 .binary_info.keep.__bi_ptr84
                0x10008474        0x4 CMakeFiles/amostragem_mic.dir/C_/Users/linco/.pico-sdk/sdk/2.1.1/src/rp2_common/pico_standard_binary_info/standard_binary_info.c.obj
 .binary_info.keep.__bi_ptr78
                0x10008478        0x4 CMakeFiles/amostragem_mic.dir/C_/Users/linco/.pico-sdk/sdk/2.1.1/src/rp2_common/pico_standard_binary_info/standard_binary_info.c.obj
 .binary_info.keep.__bi_ptr60
                0x1000847c        0x4 CMakeFiles/amostragem_mic.dir/C_/Users/linco/.pico-sdk/sdk/2.1.1/src/rp2_common/pico_standard_binary_info/standard_binary_info.c.obj
 .binary_info.keep.__bi_ptr54
                0x10008480        0x4 CMakeFiles/amostragem_mic.dir/C_/Users/linco/.pico-sdk/sdk/2.1.1/src/rp2_common/pico_standard_binary_info/standard_binary_info.c.obj
 .binary_info.keep.__bi_ptr48
                0x10008484        0x4 CMakeFiles/amostragem_mic.dir/C_/Users/linco/.pico-sdk/sdk/2.1.1/src/rp2_common/pico_standard_binary_info/standard_binary_info.c.obj
 .binary_info.keep.__bi_ptr42
                0x10008488        0x4 CMakeFiles/amostragem_mic.dir/C_/Users/linco/.pico-sdk/sdk/2.1.1/src/rp2_common/pico_standard_binary_info/standard_binary_info.c.obj
 .binary_info.keep.__bi_ptr34
                0x1000848c        0x4 CMakeFiles/amostragem_mic.dir/C_/Users/linco/.pico-sdk/sdk/2.1.1/src/rp2_common/pico_standard_binary_info/standard_binary_info.c.obj
 .binary_info.keep.__bi_ptr26
                0x10008490        0x4 CMakeFiles/amostragem_mic.dir/C_/Users/linco/.pico-sdk/sdk/2.1.1/src/rp2_common/pico_standard_binary_info/standard_binary_info.c.obj
 *(.binary_info.*)
 .binary_info.__bi_ptr197
                0x10008494        0x4 CMakeFiles/amostragem_mic.dir/C_/Users/linco/.pico-sdk/sdk/2.1.1/src/rp2_common/pico_stdio_usb/stdio_usb.c.obj
                0x10008498                        __binary_info_end = .

.rel.dyn        0x10008498        0x0
 .rel.iplt      0x10008498        0x0 C:/Users/linco/.pico-sdk/toolchain/14_2_Rel1/bin/../lib/gcc/arm-none-eabi/14.2.1/thumb/v6-m/nofp/crtbegin.o
                0x10008498                        . = ALIGN (0x4)

.ram_vector_table
                0x20000000       0xc0
 *(.ram_vector_table)
 .ram_vector_table
                0x20000000       0xc0 CMakeFiles/amostragem_mic.dir/C_/Users/linco/.pico-sdk/sdk/2.1.1/src/rp2_common/pico_runtime_init/runtime_init.c.obj
                0x20000000                ram_vector_table

.uninitialized_data
                0x200000c0        0x0
                0x200000c0                        . = ALIGN (0x4)
 *(.uninitialized_data*)

.data           0x200000c0     0x1508 load address 0x10008498
                0x200000c0                        __data_start__ = .
 *(vtable)
 *(.time_critical*)
 .time_critical.mutex_try_enter
                0x200000c0       0x40 CMakeFiles/amostragem_mic.dir/C_/Users/linco/.pico-sdk/sdk/2.1.1/src/common/pico_sync/mutex.c.obj
                0x200000c0                mutex_try_enter
 .time_critical.mutex_try_enter_block_until
                0x20000100       0x98 CMakeFiles/amostragem_mic.dir/C_/Users/linco/.pico-sdk/sdk/2.1.1/src/common/pico_sync/mutex.c.obj
                0x20000100                mutex_try_enter_block_until
 .time_critical.mutex_enter_timeout_ms
                0x20000198       0x8c CMakeFiles/amostragem_mic.dir/C_/Users/linco/.pico-sdk/sdk/2.1.1/src/common/pico_sync/mutex.c.obj
                0x20000198                mutex_enter_timeout_ms
 .time_critical.mutex_exit
                0x20000224       0x28 CMakeFiles/amostragem_mic.dir/C_/Users/linco/.pico-sdk/sdk/2.1.1/src/common/pico_sync/mutex.c.obj
                0x20000224                mutex_exit
 .time_critical.flash_init_boot2_copyout
                0x2000024c       0x30 CMakeFiles/amostragem_mic.dir/C_/Users/linco/.pico-sdk/sdk/2.1.1/src/rp2_common/hardware_flash/flash.c.obj
 .time_critical.flash_enable_xip_via_boot2
                0x2000027c        0xc CMakeFiles/amostragem_mic.dir/C_/Users/linco/.pico-sdk/sdk/2.1.1/src/rp2_common/hardware_flash/flash.c.obj
 .time_critical.flash_cs_force
                0x20000288       0x38 CMakeFiles/amostragem_mic.dir/C_/Users/linco/.pico-sdk/sdk/2.1.1/src/rp2_common/hardware_flash/flash.c.obj
 .time_critical.flash_do_cmd
                0x200002c0      0x130 CMakeFiles/amostragem_mic.dir/C_/Users/linco/.pico-sdk/sdk/2.1.1/src/rp2_common/hardware_flash/flash.c.obj
                0x200002c0                flash_do_cmd
 .time_critical.reset_non_control_endpoints
                0x200003f0       0x68 CMakeFiles/amostragem_mic.dir/C_/Users/linco/.pico-sdk/sdk/2.1.1/lib/tinyusb/src/portable/raspberrypi/rp2040/dcd_rp2040.c.obj
 .time_critical.hw_handle_buff_status
                0x20000458       0xa0 CMakeFiles/amostragem_mic.dir/C_/Users/linco/.pico-sdk/sdk/2.1.1/lib/tinyusb/src/portable/raspberrypi/rp2040/dcd_rp2040.c.obj
 .time_critical.dcd_rp2040_irq
                0x200004f8      0x548 CMakeFiles/amostragem_mic.dir/C_/Users/linco/.pico-sdk/sdk/2.1.1/lib/tinyusb/src/portable/raspberrypi/rp2040/dcd_rp2040.c.obj
 .time_critical.prepare_ep_buffer
                0x20000a40       0xc8 CMakeFiles/amostragem_mic.dir/C_/Users/linco/.pico-sdk/sdk/2.1.1/lib/tinyusb/src/portable/raspberrypi/rp2040/rp2040_usb.c.obj
 .time_critical.sync_ep_buffer
                0x20000b08       0x9c CMakeFiles/amostragem_mic.dir/C_/Users/linco/.pico-sdk/sdk/2.1.1/lib/tinyusb/src/portable/raspberrypi/rp2040/rp2040_usb.c.obj
 .time_critical._hw_endpoint_xfer_sync
                0x20000ba4       0x28 CMakeFiles/amostragem_mic.dir/C_/Users/linco/.pico-sdk/sdk/2.1.1/lib/tinyusb/src/portable/raspberrypi/rp2040/rp2040_usb.c.obj
 .time_critical.e15_is_bulkin_ep
                0x20000bcc       0x28 CMakeFiles/amostragem_mic.dir/C_/Users/linco/.pico-sdk/sdk/2.1.1/lib/tinyusb/src/portable/raspberrypi/rp2040/rp2040_usb.c.obj
 .time_critical.e15_is_critical_frame_period
                0x20000bf4       0x34 CMakeFiles/amostragem_mic.dir/C_/Users/linco/.pico-sdk/sdk/2.1.1/lib/tinyusb/src/portable/raspberrypi/rp2040/rp2040_usb.c.obj
 .time_critical.hw_endpoint_reset_transfer
                0x20000c28        0xc CMakeFiles/amostragem_mic.dir/C_/Users/linco/.pico-sdk/sdk/2.1.1/lib/tinyusb/src/portable/raspberrypi/rp2040/rp2040_usb.c.obj
                0x20000c28                hw_endpoint_reset_transfer
 .time_critical._hw_endpoint_buffer_control_update32
                0x20000c34       0x50 CMakeFiles/amostragem_mic.dir/C_/Users/linco/.pico-sdk/sdk/2.1.1/lib/tinyusb/src/portable/raspberrypi/rp2040/rp2040_usb.c.obj
                0x20000c34                _hw_endpoint_buffer_control_update32
 .time_critical.hw_endpoint_start_next_buffer
                0x20000c84       0x68 CMakeFiles/amostragem_mic.dir/C_/Users/linco/.pico-sdk/sdk/2.1.1/lib/tinyusb/src/portable/raspberrypi/rp2040/rp2040_usb.c.obj
                0x20000c84                hw_endpoint_start_next_buffer
 .time_critical.hw_endpoint_xfer_continue
                0x20000cec       0x40 CMakeFiles/amostragem_mic.dir/C_/Users/linco/.pico-sdk/sdk/2.1.1/lib/tinyusb/src/portable/raspberrypi/rp2040/rp2040_usb.c.obj
                0x20000cec                hw_endpoint_xfer_continue
 .time_critical.tinyusb
                0x20000d2c      0x1e4 CMakeFiles/amostragem_mic.dir/C_/Users/linco/.pico-sdk/sdk/2.1.1/lib/tinyusb/src/device/usbd.c.obj
                0x20000d2c                dcd_event_handler
 *(.text*)
 .text          0x20000f10        0x4 C:/Users/linco/.pico-sdk/toolchain/14_2_Rel1/bin/../lib/gcc/arm-none-eabi/14.2.1/thumb/v6-m/nofp\libgcc.a(_dvmd_tls.o)
                0x20000f10                __aeabi_idiv0
                0x20000f10                __aeabi_ldiv0
 *fill*         0x20000f14        0x4 
 .text.__stub   0x20000f18       0x80 linker stubs
                0x20000f98                        . = ALIGN (0x4)
 *(.rodata*)
                0x20000f98                        . = ALIGN (0x4)
 *(.data*)
 .data.striped_spin_lock_num
                0x20000f98        0x1 CMakeFiles/amostragem_mic.dir/C_/Users/linco/.pico-sdk/sdk/2.1.1/src/rp2_common/hardware_sync/sync.c.obj
 *fill*         0x20000f99        0x3 
 .data          0x20000f9c       0x48 CMakeFiles/amostragem_mic.dir/C_/Users/linco/.pico-sdk/sdk/2.1.1/src/rp2_common/hardware_irq/irq_handler_chain.S.obj
                0x20000f9c                irq_handler_chain_slots
                0x20000fcc                irq_handler_chain_first_slot
                0x20000fd6                irq_handler_chain_remove_tail
 .data.default_alarm_pool
                0x20000fe4       0x18 CMakeFiles/amostragem_mic.dir/C_/Users/linco/.pico-sdk/sdk/2.1.1/src/common/pico_time/time.c.obj
 *fill*         0x20000ffc        0x4 
 .data.aeabi_bits_funcs
                0x20001000       0x10 CMakeFiles/amostragem_mic.dir/C_/Users/linco/.pico-sdk/sdk/2.1.1/src/rp2_common/pico_bit_ops/bit_ops_aeabi.S.obj
                0x20001000                aeabi_bits_funcs
                0x20001010                aeabi_bits_funcs_end
 .data.aeabi_mem_funcs
                0x20001010       0x10 CMakeFiles/amostragem_mic.dir/C_/Users/linco/.pico-sdk/sdk/2.1.1/src/rp2_common/pico_mem_ops/mem_ops_aeabi.S.obj
                0x20001010                aeabi_mem_funcs
                0x20001020                aeabi_mem_funcs_end
 .data.stdio_usb
                0x20001020       0x18 CMakeFiles/amostragem_mic.dir/C_/Users/linco/.pico-sdk/sdk/2.1.1/src/rp2_common/pico_stdio_usb/stdio_usb.c.obj
                0x20001020                stdio_usb
 .data._usbd_qdef
                0x20001038       0x1c CMakeFiles/amostragem_mic.dir/C_/Users/linco/.pico-sdk/sdk/2.1.1/lib/tinyusb/src/device/usbd.c.obj
                0x20001038                _usbd_qdef
 .data._usbd_rhport
                0x20001054        0x1 CMakeFiles/amostragem_mic.dir/C_/Users/linco/.pico-sdk/sdk/2.1.1/lib/tinyusb/src/device/usbd.c.obj
 *fill*         0x20001055        0x3 
 .data.i2c1_inst
                0x20001058        0x8 CMakeFiles/amostragem_mic.dir/C_/Users/linco/.pico-sdk/sdk/2.1.1/src/rp2_common/hardware_i2c/i2c.c.obj
                0x20001058                i2c1_inst
 .data.i2c0_inst
                0x20001060        0x8 CMakeFiles/amostragem_mic.dir/C_/Users/linco/.pico-sdk/sdk/2.1.1/src/rp2_common/hardware_i2c/i2c.c.obj
                0x20001060                i2c0_inst
 .data.__malloc_sbrk_base
                0x20001068        0x4 C:/Users/linco/.pico-sdk/toolchain/14_2_Rel1/bin/../lib/gcc/arm-none-eabi/14.2.1/thumb/v6-m/nofp\libg.a(libc_a-mallocr.o)
                0x20001068                __malloc_sbrk_base
 .data.__malloc_trim_threshold
                0x2000106c        0x4 C:/Users/linco/.pico-sdk/toolchain/14_2_Rel1/bin/../lib/gcc/arm-none-eabi/14.2.1/thumb/v6-m/nofp\libg.a(libc_a-mallocr.o)
                0x2000106c                __malloc_trim_threshold
 .data.__malloc_av_
                0x20001070      0x408 C:/Users/linco/.pico-sdk/toolchain/14_2_Rel1/bin/../lib/gcc/arm-none-eabi/14.2.1/thumb/v6-m/nofp\libg.a(libc_a-mallocr.o)
                0x20001070                __malloc_av_
 .data._impure_ptr
                0x20001478        0x4 C:/Users/linco/.pico-sdk/toolchain/14_2_Rel1/bin/../lib/gcc/arm-none-eabi/14.2.1/thumb/v6-m/nofp\libg.a(libc_a-impure.o)
                0x20001478                _impure_ptr
 *fill*         0x2000147c        0x4 
 .data._impure_data
                0x20001480      0x140 C:/Users/linco/.pico-sdk/toolchain/14_2_Rel1/bin/../lib/gcc/arm-none-eabi/14.2.1/thumb/v6-m/nofp\libg.a(libc_a-impure.o)
                0x20001480                _impure_data
                0x200015c0                        . = ALIGN (0x4)
 *(.after_data.*)
                0x200015c0                        . = ALIGN (0x4)
                0x200015c0                        PROVIDE (__mutex_array_start = .)
 *(SORT_BY_NAME(.mutex_array.*))
 *(.mutex_array)
 .mutex_array   0x200015c0        0x8 CMakeFiles/amostragem_mic.dir/C_/Users/linco/.pico-sdk/sdk/2.1.1/src/rp2_common/pico_stdio/stdio.c.obj
                0x200015c8                        PROVIDE (__mutex_array_end = .)
                0x200015c8                        . = ALIGN (0x4)
 *(.jcr)
                0x200015c8                        . = ALIGN (0x4)

.tm_clone_table
                0x200015c8        0x0 load address 0x100099a0
 .tm_clone_table
                0x200015c8        0x0 C:/Users/linco/.pico-sdk/toolchain/14_2_Rel1/bin/../lib/gcc/arm-none-eabi/14.2.1/thumb/v6-m/nofp/crtbegin.o
 .tm_clone_table
                0x200015c8        0x0 C:/Users/linco/.pico-sdk/toolchain/14_2_Rel1/bin/../lib/gcc/arm-none-eabi/14.2.1/thumb/v6-m/nofp/crtend.o

.igot.plt       0x200015c8        0x0 load address 0x100099a0
 .igot.plt      0x200015c8        0x0 C:/Users/linco/.pico-sdk/toolchain/14_2_Rel1/bin/../lib/gcc/arm-none-eabi/14.2.1/thumb/v6-m/nofp/crtbegin.o

.tdata          0x200015c8        0x0 load address 0x100099a0
                0x200015c8                        . = ALIGN (0x4)
 *(.tdata .tdata.* .gnu.linkonce.td.*)
                0x200015c8                        __tdata_end = .
                0x200015c8                        PROVIDE (__data_end__ = .)
                0x10008498                        __etext = LOADADDR (.data)

.tbss           0x200015c8        0x0 load address 0x100099a0
                0x200015c8                        . = ALIGN (0x4)
                0x200015c8                        __bss_start__ = .
                0x200015c8                        __tls_base = .
 *(.tbss .tbss.* .gnu.linkonce.tb.*)
 *(.tcommon)
                0x200015c8                        __tls_end = .

.bss            0x200015c8     0x2418 load address 0x100099a0
                0x200015c8                        . = ALIGN (0x4)
                0x200015c8                        __tbss_end = .
 *(SORT_BY_ALIGNMENT(SORT_BY_NAME(.bss*)))
 .bss.default_alarm_pool_entries
                0x200015c8      0x180 CMakeFiles/amostragem_mic.dir/C_/Users/linco/.pico-sdk/sdk/2.1.1/src/common/pico_time/time.c.obj
 .bss.last_avail_time.1
                0x20001748        0x8 CMakeFiles/amostragem_mic.dir/C_/Users/linco/.pico-sdk/sdk/2.1.1/src/rp2_common/pico_stdio_usb/stdio_usb.c.obj
 .bss.sd_table  0x20001750      0x100 CMakeFiles/amostragem_mic.dir/C_/Users/linco/.pico-sdk/sdk/2.1.1/src/rp2_common/pico_double/double_init_rom_rp2040.c.obj
                0x20001750                sd_table
 .bss.__lock___malloc_recursive_mutex
                0x20001850        0x1 C:/Users/linco/.pico-sdk/toolchain/14_2_Rel1/bin/../lib/gcc/arm-none-eabi/14.2.1/thumb/v6-m/nofp\libg.a(libc_a-lock.o)
                0x20001850                __lock___malloc_recursive_mutex
 *fill*         0x20001851        0x3 
 .bss.__malloc_current_mallinfo
                0x20001854       0x28 C:/Users/linco/.pico-sdk/toolchain/14_2_Rel1/bin/../lib/gcc/arm-none-eabi/14.2.1/thumb/v6-m/nofp\libg.a(libc_a-mallocr.o)
                0x20001854                __malloc_current_mallinfo
 .bss.__malloc_max_sbrked_mem
                0x2000187c        0x4 C:/Users/linco/.pico-sdk/toolchain/14_2_Rel1/bin/../lib/gcc/arm-none-eabi/14.2.1/thumb/v6-m/nofp\libg.a(libc_a-mallocr.o)
                0x2000187c                __malloc_max_sbrked_mem
 .bss.__malloc_max_total_mem
                0x20001880        0x4 C:/Users/linco/.pico-sdk/toolchain/14_2_Rel1/bin/../lib/gcc/arm-none-eabi/14.2.1/thumb/v6-m/nofp\libg.a(libc_a-mallocr.o)
                0x20001880                __malloc_max_total_mem
 .bss.__malloc_top_pad
                0x20001884        0x4 C:/Users/linco/.pico-sdk/toolchain/14_2_Rel1/bin/../lib/gcc/arm-none-eabi/14.2.1/thumb/v6-m/nofp\libg.a(libc_a-mallocr.o)
                0x20001884                __malloc_top_pad
 .bss.__sf      0x20001888      0x138 C:/Users/linco/.pico-sdk/toolchain/14_2_Rel1/bin/../lib/gcc/arm-none-eabi/14.2.1/thumb/v6-m/nofp\libg.a(libc_a-findfp.o)
                0x20001888                __sf
 .bss._app_driver
                0x200019c0        0x4 CMakeFiles/amostragem_mic.dir/C_/Users/linco/.pico-sdk/sdk/2.1.1/lib/tinyusb/src/device/usbd.c.obj
 .bss._cdcd_epbuf
                0x200019c4       0x80 CMakeFiles/amostragem_mic.dir/C_/Users/linco/.pico-sdk/sdk/2.1.1/lib/tinyusb/src/class/cdc/cdc_device.c.obj
 .bss._cdcd_fifo_cfg
                0x20001a44        0x1 CMakeFiles/amostragem_mic.dir/C_/Users/linco/.pico-sdk/sdk/2.1.1/lib/tinyusb/src/class/cdc/cdc_device.c.obj
 *fill*         0x20001a45        0x3 
 .bss._cdcd_itf
                0x20001a48       0xc8 CMakeFiles/amostragem_mic.dir/C_/Users/linco/.pico-sdk/sdk/2.1.1/lib/tinyusb/src/class/cdc/cdc_device.c.obj
 .bss._ctrl_epbuf
                0x20001b10       0x40 CMakeFiles/amostragem_mic.dir/C_/Users/linco/.pico-sdk/sdk/2.1.1/lib/tinyusb/src/device/usbd_control.c.obj
 .bss._ctrl_xfer
                0x20001b50       0x14 CMakeFiles/amostragem_mic.dir/C_/Users/linco/.pico-sdk/sdk/2.1.1/lib/tinyusb/src/device/usbd_control.c.obj
 .bss._tusb_rhport_role
                0x20001b64        0x2 CMakeFiles/amostragem_mic.dir/C_/Users/linco/.pico-sdk/sdk/2.1.1/lib/tinyusb/src/tusb.c.obj
                0x20001b64                _tusb_rhport_role
 *fill*         0x20001b66        0x2 
 .bss._ubsd_mutexdef
                0x20001b68        0x8 CMakeFiles/amostragem_mic.dir/C_/Users/linco/.pico-sdk/sdk/2.1.1/lib/tinyusb/src/device/usbd.c.obj
 .bss._usbd_dev
                0x20001b70       0x54 CMakeFiles/amostragem_mic.dir/C_/Users/linco/.pico-sdk/sdk/2.1.1/lib/tinyusb/src/device/usbd.c.obj
 .bss._usbd_mutex
                0x20001bc4        0x4 CMakeFiles/amostragem_mic.dir/C_/Users/linco/.pico-sdk/sdk/2.1.1/lib/tinyusb/src/device/usbd.c.obj
 .bss._usbd_q   0x20001bc8        0x4 CMakeFiles/amostragem_mic.dir/C_/Users/linco/.pico-sdk/sdk/2.1.1/lib/tinyusb/src/device/usbd.c.obj
 .bss._usbd_qdef_buf
                0x20001bcc       0xc0 CMakeFiles/amostragem_mic.dir/C_/Users/linco/.pico-sdk/sdk/2.1.1/lib/tinyusb/src/device/usbd.c.obj
                0x20001bcc                _usbd_qdef_buf
 .bss._vendord_epbuf
                0x20001c8c       0x80 CMakeFiles/amostragem_mic.dir/C_/Users/linco/.pico-sdk/sdk/2.1.1/lib/tinyusb/src/class/vendor/vendor_device.c.obj
 .bss._vendord_itf